Component: ARM Compiler 5.06 update 6 (build 750) Tool: armlink [4d35ed]

==============================================================================

Section Cross References

    startup_stm32f103xb.o(RESET) refers to startup_stm32f103xb.o(STACK) for __initial_sp
    startup_stm32f103xb.o(RESET) refers to startup_stm32f103xb.o(.text) for Reset_Handler
    startup_stm32f103xb.o(RESET) refers to stm32f1xx_it.o(i.NMI_Handler) for NMI_Handler
    startup_stm32f103xb.o(RESET) refers to stm32f1xx_it.o(i.HardFault_Handler) for HardFault_Handler
    startup_stm32f103xb.o(RESET) refers to stm32f1xx_it.o(i.MemManage_Handler) for MemManage_Handler
    startup_stm32f103xb.o(RESET) refers to stm32f1xx_it.o(i.BusFault_Handler) for BusFault_Handler
    startup_stm32f103xb.o(RESET) refers to stm32f1xx_it.o(i.UsageFault_Handler) for UsageFault_Handler
    startup_stm32f103xb.o(RESET) refers to stm32f1xx_it.o(i.SVC_Handler) for SVC_Handler
    startup_stm32f103xb.o(RESET) refers to stm32f1xx_it.o(i.DebugMon_Handler) for DebugMon_Handler
    startup_stm32f103xb.o(RESET) refers to stm32f1xx_it.o(i.PendSV_Handler) for PendSV_Handler
    startup_stm32f103xb.o(RESET) refers to stm32f1xx_it.o(i.SysTick_Handler) for SysTick_Handler
    startup_stm32f103xb.o(RESET) refers to stm32f1xx_it.o(i.DMA1_Channel5_IRQHandler) for DMA1_Channel5_IRQHandler
    startup_stm32f103xb.o(RESET) refers to stm32f1xx_it.o(i.TIM2_IRQHandler) for TIM2_IRQHandler
    startup_stm32f103xb.o(RESET) refers to stm32f1xx_it.o(i.USART1_IRQHandler) for USART1_IRQHandler
    startup_stm32f103xb.o(RESET) refers to stm32f1xx_it.o(i.USART2_IRQHandler) for USART2_IRQHandler
    startup_stm32f103xb.o(RESET) refers to stm32f1xx_it.o(i.EXTI15_10_IRQHandler) for EXTI15_10_IRQHandler
    startup_stm32f103xb.o(.text) refers to system_stm32f1xx.o(i.SystemInit) for SystemInit
    startup_stm32f103xb.o(.text) refers to entry.o(.ARM.Collect$$$$00000000) for __main
    wifi.o(i.EnableUsart_IT) refers to stm32f1xx_hal_uart.o(i.HAL_UART_Receive_DMA) for HAL_UART_Receive_DMA
    wifi.o(i.EnableUsart_IT) refers to stm32f1xx_hal_tim.o(i.HAL_TIM_Base_Start_IT) for HAL_TIM_Base_Start_IT
    wifi.o(i.EnableUsart_IT) refers to wifi.o(.data) for wifiCom
    wifi.o(i.EnableUsart_IT) refers to wifi.o(.bss) for Espdatatype
    wifi.o(i.EnableUsart_IT) refers to tim.o(.bss) for htim2
    wifi.o(i.HAL_UART_RxCpltCallback) refers to strstr.o(.text) for strstr
    wifi.o(i.HAL_UART_RxCpltCallback) refers to memcpya.o(.text) for __aeabi_memcpy
    wifi.o(i.HAL_UART_RxCpltCallback) refers to memseta.o(.text) for __aeabi_memclr
    wifi.o(i.HAL_UART_RxCpltCallback) refers to wifi.o(.bss) for Espdatatype
    wifi.o(i.Send_AT_commend) refers to strlen.o(.text) for strlen
    wifi.o(i.Send_AT_commend) refers to stm32f1xx_hal_uart.o(i.HAL_UART_Transmit) for HAL_UART_Transmit
    wifi.o(i.Send_AT_commend) refers to stm32f1xx_hal.o(i.HAL_Delay) for HAL_Delay
    wifi.o(i.Send_AT_commend) refers to wifi.o(.data) for wifiCom
    wifi.o(i.USER_UART_Handler) refers to stm32f1xx_hal_uart.o(i.HAL_UART_DMAStop) for HAL_UART_DMAStop
    wifi.o(i.USER_UART_Handler) refers to wifi.o(i.HAL_UART_RxCpltCallback) for HAL_UART_RxCpltCallback
    wifi.o(i.USER_UART_Handler) refers to wifi.o(.data) for wifiCom
    wifi.o(i.USER_UART_Handler) refers to usart.o(.bss) for hdma_usart1_rx
    wifi.o(i.USER_UART_Handler) refers to wifi.o(.bss) for Espdatatype
    wifi.o(i.clientStart) refers to stm32f1xx_hal.o(i.HAL_Delay) for HAL_Delay
    wifi.o(i.clientStart) refers to stm32f1xx_hal_uart.o(i.HAL_UART_Transmit) for HAL_UART_Transmit
    wifi.o(i.clientStart) refers to wifi.o(i.Send_AT_commend) for Send_AT_commend
    wifi.o(i.clientStart) refers to printfa.o(i.__0printf) for __2printf
    wifi.o(i.clientStart) refers to wifi.o(i.strConnect) for strConnect
    wifi.o(i.clientStart) refers to wifi.o(.data) for wifiCom
    wifi.o(i.closePassThrough) refers to stm32f1xx_hal_uart.o(i.HAL_UART_Transmit) for HAL_UART_Transmit
    wifi.o(i.closePassThrough) refers to stm32f1xx_hal.o(i.HAL_Delay) for HAL_Delay
    wifi.o(i.closePassThrough) refers to wifi.o(.data) for wifiCom
    wifi.o(i.findStr) refers to strstr.o(.text) for strstr
    wifi.o(i.findStr) refers to wifi.o(.bss) for Espdatatype
    wifi.o(i.recDataAnalyze) refers to malloc.o(i.malloc) for malloc
    wifi.o(i.recDataAnalyze) refers to wifi.o(i.userToDo) for userToDo
    wifi.o(i.recDataAnalyze) refers to malloc.o(i.free) for free
    wifi.o(i.recDataAnalyze) refers to wifi.o(.data) for dataAnalyzeFlag
    wifi.o(i.recDataHandle) refers to wifi.o(i.findStr) for findStr
    wifi.o(i.recDataHandle) refers to printfa.o(i.__0printf) for printf
    wifi.o(i.recDataHandle) refers to memseta.o(.text) for __aeabi_memclr
    wifi.o(i.recDataHandle) refers to wifi.o(i.recDataAnalyze) for recDataAnalyze
    wifi.o(i.recDataHandle) refers to wifi.o(.bss) for Espdatatype
    wifi.o(i.recDataHandle) refers to wifi.o(.data) for atFlag
[...]
    Removing stm32f1xx_hal_tim.o(i.TIM_DMADelayPulseCplt), (70 bytes).
    Removing stm32f1xx_hal_tim.o(i.TIM_DMADelayPulseHalfCplt), (70 bytes).
    Removing stm32f1xx_hal_tim.o(i.TIM_DMAError), (20 bytes).
    Removing stm32f1xx_hal_tim.o(i.TIM_DMAPeriodElapsedCplt), (20 bytes).
    Removing stm32f1xx_hal_tim.o(i.TIM_DMAPeriodElapsedHalfCplt), (20 bytes).
    Removing stm32f1xx_hal_tim.o(i.TIM_DMATriggerCplt), (20 bytes).
    Removing stm32f1xx_hal_tim.o(i.TIM_DMATriggerHalfCplt), (20 bytes).
    Removing stm32f1xx_hal_tim.o(i.TIM_OC1_SetConfig), (96 bytes).
    Removing stm32f1xx_hal_tim.o(i.TIM_OC2_SetConfig), (104 bytes).
    Removing stm32f1xx_hal_tim.o(i.TIM_OC3_SetConfig), (104 bytes).
    Removing stm32f1xx_hal_tim.o(i.TIM_OC4_SetConfig), (72 bytes).
    Removing stm32f1xx_hal_tim.o(i.TIM_SlaveTimer_SetConfig), (170 bytes).
    Removing stm32f1xx_hal_tim.o(i.TIM_TI1_SetConfig), (104 bytes).
    Removing stm32f1xx_hal_tim.o(i.TIM_TI2_SetConfig), (58 bytes).
    Removing stm32f1xx_hal_tim.o(i.TIM_TI3_SetConfig), (56 bytes).
    Removing stm32f1xx_hal_tim.o(i.TIM_TI4_SetConfig), (60 bytes).
    Removing stm32f1xx_hal_tim_ex.o(.rev16_text), (4 bytes).
    Removing stm32f1xx_hal_tim_ex.o(.revsh_text), (4 bytes).
    Removing stm32f1xx_hal_tim_ex.o(.rrx_text), (6 bytes).
    Removing stm32f1xx_hal_tim_ex.o(i.HAL_TIMEx_CommutHalfCpltCallback), (2 bytes).
    Removing stm32f1xx_hal_tim_ex.o(i.HAL_TIMEx_ConfigBreakDeadTime), (116 bytes).
    Removing stm32f1xx_hal_tim_ex.o(i.HAL_TIMEx_ConfigCommutEvent), (134 bytes).
    Removing stm32f1xx_hal_tim_ex.o(i.HAL_TIMEx_ConfigCommutEvent_DMA), (164 bytes).
    Removing stm32f1xx_hal_tim_ex.o(i.HAL_TIMEx_ConfigCommutEvent_IT), (134 bytes).
    Removing stm32f1xx_hal_tim_ex.o(i.HAL_TIMEx_HallSensor_DeInit), (70 bytes).
    Removing stm32f1xx_hal_tim_ex.o(i.HAL_TIMEx_HallSensor_GetState), (8 bytes).
    Removing stm32f1xx_hal_tim_ex.o(i.HAL_TIMEx_HallSensor_Init), (208 bytes).
    Removing stm32f1xx_hal_tim_ex.o(i.HAL_TIMEx_HallSensor_MspDeInit), (2 bytes).
    Removing stm32f1xx_hal_tim_ex.o(i.HAL_TIMEx_HallSensor_MspInit), (2 bytes).
    Removing stm32f1xx_hal_tim_ex.o(i.HAL_TIMEx_HallSensor_Start), (42 bytes).
    Removing stm32f1xx_hal_tim_ex.o(i.HAL_TIMEx_HallSensor_Start_DMA), (144 bytes).
    Removing stm32f1xx_hal_tim_ex.o(i.HAL_TIMEx_HallSensor_Start_IT), (54 bytes).
    Removing stm32f1xx_hal_tim_ex.o(i.HAL_TIMEx_HallSensor_Stop), (56 bytes).
    Removing stm32f1xx_hal_tim_ex.o(i.HAL_TIMEx_HallSensor_Stop_DMA), (74 bytes).
    Removing stm32f1xx_hal_tim_ex.o(i.HAL_TIMEx_HallSensor_Stop_IT), (68 bytes).
    Removing stm32f1xx_hal_tim_ex.o(i.HAL_TIMEx_OCN_Start), (56 bytes).
    Removing stm32f1xx_hal_tim_ex.o(i.HAL_TIMEx_OCN_Start_DMA), (288 bytes).
    Removing stm32f1xx_hal_tim_ex.o(i.HAL_TIMEx_OCN_Start_IT), (126 bytes).
    Removing stm32f1xx_hal_tim_ex.o(i.HAL_TIMEx_OCN_Stop), (96 bytes).
    Removing stm32f1xx_hal_tim_ex.o(i.HAL_TIMEx_OCN_Stop_DMA), (178 bytes).
    Removing stm32f1xx_hal_tim_ex.o(i.HAL_TIMEx_OCN_Stop_IT), (178 bytes).
    Removing stm32f1xx_hal_tim_ex.o(i.HAL_TIMEx_OnePulseN_Start), (32 bytes).
    Removing stm32f1xx_hal_tim_ex.o(i.HAL_TIMEx_OnePulseN_Start_IT), (56 bytes).
    Removing stm32f1xx_hal_tim_ex.o(i.HAL_TIMEx_OnePulseN_Stop), (96 bytes).
    Removing stm32f1xx_hal_tim_ex.o(i.HAL_TIMEx_OnePulseN_Stop_IT), (120 bytes).
    Removing stm32f1xx_hal_tim_ex.o(i.HAL_TIMEx_PWMN_Start), (56 bytes).
    Removing stm32f1xx_hal_tim_ex.o(i.HAL_TIMEx_PWMN_Start_DMA), (288 bytes).
    Removing stm32f1xx_hal_tim_ex.o(i.HAL_TIMEx_PWMN_Start_IT), (126 bytes).
    Removing stm32f1xx_hal_tim_ex.o(i.HAL_TIMEx_PWMN_Stop), (96 bytes).
    Removing stm32f1xx_hal_tim_ex.o(i.HAL_TIMEx_PWMN_Stop_DMA), (178 bytes).
    Removing stm32f1xx_hal_tim_ex.o(i.HAL_TIMEx_PWMN_Stop_IT), (178 bytes).
    Removing stm32f1xx_hal_tim_ex.o(i.HAL_TIMEx_RemapConfig), (6 bytes).
    Removing stm32f1xx_hal_tim_ex.o(i.TIMEx_DMACommutationCplt), (20 bytes).
    Removing stm32f1xx_hal_tim_ex.o(i.TIMEx_DMACommutationHalfCplt), (20 bytes).
    Removing stm32f1xx_hal_tim_ex.o(i.TIM_CCxNChannelCmd), (34 bytes).
    Removing stm32f1xx_hal.o(.rev16_text), (4 bytes).
    Removing stm32f1xx_hal.o(.revsh_text), (4 bytes).
    Removing stm32f1xx_hal.o(.rrx_text), (6 bytes).
    Removing stm32f1xx_hal.o(i.HAL_DBGMCU_DisableDBGSleepMode), (20 bytes).
    Removing stm32f1xx_hal.o(i.HAL_DBGMCU_DisableDBGStandbyMode), (20 bytes).
    Removing stm32f1xx_hal.o(i.HAL_DBGMCU_DisableDBGStopMode), (20 bytes).
    Removing stm32f1xx_hal.o(i.HAL_DBGMCU_EnableDBGSleepMode), (20 bytes).
    Removing stm32f1xx_hal.o(i.HAL_DBGMCU_EnableDBGStandbyMode), (20 bytes).
    Removing stm32f1xx_hal.o(i.HAL_DBGMCU_EnableDBGStopMode), (20 bytes).
    Removing stm32f1xx_hal.o(i.HAL_DeInit), (36 bytes).
    Removing stm32f1xx_hal.o(i.HAL_GetDEVID), (16 bytes).
    Removing stm32f1xx_hal.o(i.HAL_GetHalVersion), (8 bytes).
    Removing stm32f1xx_hal.o(i.HAL_GetREVID), (12 bytes).
    Removing stm32f1xx_hal.o(i.HAL_GetTickFreq), (12 bytes).
    Removing stm32f1xx_hal.o(i.HAL_GetTickPrio), (12 bytes).
    Removing stm32f1xx_hal.o(i.HAL_GetUIDw0), (12 bytes).
    Removing stm32f1xx_hal.o(i.HAL_GetUIDw1), (12 bytes).
    Removing stm32f1xx_hal.o(i.HAL_GetUIDw2), (12 bytes).
    Removing stm32f1xx_hal.o(i.HAL_MspDeInit), (2 bytes).
    Removing stm32f1xx_hal.o(i.HAL_MspInit), (2 bytes).
    Removing stm32f1xx_hal.o(i.HAL_ResumeTick), (18 bytes).
    Removing stm32f1xx_hal.o(i.HAL_SetTickFreq), (44 bytes).
    Removing stm32f1xx_hal.o(i.HAL_SuspendTick), (18 bytes).
    Removing stm32f1xx_hal_rcc.o(.rev16_text), (4 bytes).
    Removing stm32f1xx_hal_rcc.o(.revsh_text), (4 bytes).
    Removing stm32f1xx_hal_rcc.o(.rrx_text), (6 bytes).
    Removing stm32f1xx_hal_rcc.o(i.HAL_RCC_CSSCallback), (2 bytes).
    Removing stm32f1xx_hal_rcc.o(i.HAL_RCC_DeInit), (272 bytes).
    Removing stm32f1xx_hal_rcc.o(i.HAL_RCC_DisableCSS), (12 bytes).
    Removing stm32f1xx_hal_rcc.o(i.HAL_RCC_EnableCSS), (12 bytes).
    Removing stm32f1xx_hal_rcc.o(i.HAL_RCC_GetClockConfig), (68 bytes).
    Removing stm32f1xx_hal_rcc.o(i.HAL_RCC_GetOscConfig), (200 bytes).
    Removing stm32f1xx_hal_rcc.o(i.HAL_RCC_MCOConfig), (100 bytes).
    Removing stm32f1xx_hal_rcc.o(i.HAL_RCC_NMI_IRQHandler), (32 bytes).
    Removing stm32f1xx_hal_rcc_ex.o(.rev16_text), (4 bytes).
    Removing stm32f1xx_hal_rcc_ex.o(.revsh_text), (4 bytes).
    Removing stm32f1xx_hal_rcc_ex.o(.rrx_text), (6 bytes).
    Removing stm32f1xx_hal_rcc_ex.o(i.HAL_RCCEx_GetPeriphCLKConfig), (60 bytes).
    Removing stm32f1xx_hal_rcc_ex.o(i.HAL_RCCEx_GetPeriphCLKFreq), (280 bytes).
    Removing stm32f1xx_hal_rcc_ex.o(i.HAL_RCCEx_PeriphCLKConfig), (304 bytes).
    Removing stm32f1xx_hal_gpio.o(.rev16_text), (4 bytes).
    Removing stm32f1xx_hal_gpio.o(.revsh_text), (4 bytes).
    Removing stm32f1xx_hal_gpio.o(.rrx_text), (6 bytes).
    Removing stm32f1xx_hal_gpio.o(i.HAL_GPIO_DeInit), (308 bytes).
    Removing stm32f1xx_hal_gpio.o(i.HAL_GPIO_LockPin), (46 bytes).
    Removing stm32f1xx_hal_gpio.o(i.HAL_GPIO_ReadPin), (16 bytes).
    Removing stm32f1xx_hal_gpio.o(i.HAL_GPIO_TogglePin), (14 bytes).
    Removing stm32f1xx_hal_dma.o(.rev16_text), (4 bytes).
    Removing stm32f1xx_hal_dma.o(.revsh_text), (4 bytes).
    Removing stm32f1xx_hal_dma.o(.rrx_text), (6 bytes).
    Removing stm32f1xx_hal_dma.o(i.HAL_DMA_DeInit), (104 bytes).
    Removing stm32f1xx_hal_dma.o(i.HAL_DMA_GetError), (6 bytes).
    Removing stm32f1xx_hal_dma.o(i.HAL_DMA_GetState), (8 bytes).
    Removing stm32f1xx_hal_dma.o(i.HAL_DMA_PollForTransfer), (692 bytes).
    Removing stm32f1xx_hal_dma.o(i.HAL_DMA_RegisterCallback), (90 bytes).
    Removing stm32f1xx_hal_dma.o(i.HAL_DMA_Start), (114 bytes).
    Removing stm32f1xx_hal_dma.o(i.HAL_DMA_UnRegisterCallback), (106 bytes).
    Removing stm32f1xx_hal_cortex.o(.rev16_text), (4 bytes).
    Removing stm32f1xx_hal_cortex.o(.revsh_text), (4 bytes).
    Removing stm32f1xx_hal_cortex.o(.rrx_text), (6 bytes).
    Removing stm32f1xx_hal_cortex.o(i.HAL_NVIC_ClearPendingIRQ), (36 bytes).
    Removing stm32f1xx_hal_cortex.o(i.HAL_NVIC_DisableIRQ), (68 bytes).
    Removing stm32f1xx_hal_cortex.o(i.HAL_NVIC_GetActive), (48 bytes).
    Removing stm32f1xx_hal_cortex.o(i.HAL_NVIC_GetPendingIRQ), (48 bytes).
    Removing stm32f1xx_hal_cortex.o(i.HAL_NVIC_GetPriority), (148 bytes).
    Removing stm32f1xx_hal_cortex.o(i.HAL_NVIC_GetPriorityGrouping), (8 bytes).
    Removing stm32f1xx_hal_cortex.o(i.HAL_NVIC_SetPendingIRQ), (36 bytes).
    Removing stm32f1xx_hal_cortex.o(i.HAL_NVIC_SystemReset), (68 bytes).
    Removing stm32f1xx_hal_cortex.o(i.HAL_SYSTICK_CLKSourceConfig), (40 bytes).
    Removing stm32f1xx_hal_cortex.o(i.HAL_SYSTICK_Callback), (2 bytes).
    Removing stm32f1xx_hal_cortex.o(i.HAL_SYSTICK_IRQHandler), (8 bytes).
    Removing stm32f1xx_hal_pwr.o(.rev16_text), (4 bytes).
    Removing stm32f1xx_hal_pwr.o(.revsh_text), (4 bytes).
    Removing stm32f1xx_hal_pwr.o(.rrx_text), (6 bytes).
    Removing stm32f1xx_hal_pwr.o(i.HAL_PWR_ConfigPVD), (180 bytes).
    Removing stm32f1xx_hal_pwr.o(i.HAL_PWR_DeInit), (28 bytes).
    Removing stm32f1xx_hal_pwr.o(i.HAL_PWR_DisableBkUpAccess), (12 bytes).
    Removing stm32f1xx_hal_pwr.o(i.HAL_PWR_DisablePVD), (12 bytes).
    Removing stm32f1xx_hal_pwr.o(i.HAL_PWR_DisableSEVOnPend), (20 bytes).
    Removing stm32f1xx_hal_pwr.o(i.HAL_PWR_DisableSleepOnExit), (20 bytes).
    Removing stm32f1xx_hal_pwr.o(i.HAL_PWR_DisableWakeUpPin), (28 bytes).
    Removing stm32f1xx_hal_pwr.o(i.HAL_PWR_EnableBkUpAccess), (12 bytes).
    Removing stm32f1xx_hal_pwr.o(i.HAL_PWR_EnablePVD), (12 bytes).
    Removing stm32f1xx_hal_pwr.o(i.HAL_PWR_EnableSEVOnPend), (20 bytes).
    Removing stm32f1xx_hal_pwr.o(i.HAL_PWR_EnableSleepOnExit), (20 bytes).
    Removing stm32f1xx_hal_pwr.o(i.HAL_PWR_EnableWakeUpPin), (28 bytes).
    Removing stm32f1xx_hal_pwr.o(i.HAL_PWR_EnterSLEEPMode), (32 bytes).
    Removing stm32f1xx_hal_pwr.o(i.HAL_PWR_EnterSTANDBYMode), (40 bytes).
    Removing stm32f1xx_hal_pwr.o(i.HAL_PWR_EnterSTOPMode), (84 bytes).
    Removing stm32f1xx_hal_pwr.o(i.HAL_PWR_PVDCallback), (2 bytes).
    Removing stm32f1xx_hal_pwr.o(i.HAL_PWR_PVD_IRQHandler), (32 bytes).
    Removing stm32f1xx_hal_pwr.o(i.PWR_OverloadWfe), (6 bytes).
    Removing stm32f1xx_hal_flash.o(.rev16_text), (4 bytes).
    Removing stm32f1xx_hal_flash.o(.revsh_text), (4 bytes).
    Removing stm32f1xx_hal_flash.o(.rrx_text), (6 bytes).
    Removing stm32f1xx_hal_flash.o(i.FLASH_Program_HalfWord), (32 bytes).
    Removing stm32f1xx_hal_flash.o(i.FLASH_SetErrorCode), (132 bytes).
    Removing stm32f1xx_hal_flash.o(i.FLASH_WaitForLastOperation), (112 bytes).
    Removing stm32f1xx_hal_flash.o(i.HAL_FLASH_EndOfOperationCallback), (2 bytes).
    Removing stm32f1xx_hal_flash.o(i.HAL_FLASH_GetError), (12 bytes).
    Removing stm32f1xx_hal_flash.o(i.HAL_FLASH_IRQHandler), (384 bytes).
    Removing stm32f1xx_hal_flash.o(i.HAL_FLASH_Lock), (20 bytes).
    Removing stm32f1xx_hal_flash.o(i.HAL_FLASH_OB_Launch), (8 bytes).
    Removing stm32f1xx_hal_flash.o(i.HAL_FLASH_OB_Lock), (20 bytes).
    Removing stm32f1xx_hal_flash.o(i.HAL_FLASH_OB_Unlock), (44 bytes).
    Removing stm32f1xx_hal_flash.o(i.HAL_FLASH_OperationErrorCallback), (2 bytes).
    Removing stm32f1xx_hal_flash.o(i.HAL_FLASH_Program), (176 bytes).
    Removing stm32f1xx_hal_flash.o(i.HAL_FLASH_Program_IT), (124 bytes).
    Removing stm32f1xx_hal_flash.o(i.HAL_FLASH_Unlock), (48 bytes).
    Removing stm32f1xx_hal_flash.o(.bss), (32 bytes).
    Removing stm32f1xx_hal_flash_ex.o(.rev16_text), (4 bytes).
    Removing stm32f1xx_hal_flash_ex.o(.revsh_text), (4 bytes).
    Removing stm32f1xx_hal_flash_ex.o(.rrx_text), (6 bytes).
    Removing stm32f1xx_hal_flash_ex.o(i.FLASH_MassErase), (40 bytes).
    Removing stm32f1xx_hal_flash_ex.o(i.FLASH_OB_DisableWRP), (232 bytes).
    Removing stm32f1xx_hal_flash_ex.o(i.FLASH_OB_EnableWRP), (236 bytes).
    Removing stm32f1xx_hal_flash_ex.o(i.FLASH_OB_GetRDP), (28 bytes).
    Removing stm32f1xx_hal_flash_ex.o(i.FLASH_OB_GetUser), (16 bytes).
    Removing stm32f1xx_hal_flash_ex.o(i.FLASH_OB_GetWRP), (12 bytes).
    Removing stm32f1xx_hal_flash_ex.o(i.FLASH_OB_ProgramData), (76 bytes).
    Removing stm32f1xx_hal_flash_ex.o(i.FLASH_OB_RDP_LevelConfig), (124 bytes).
    Removing stm32f1xx_hal_flash_ex.o(i.FLASH_OB_UserConfig), (84 bytes).
    Removing stm32f1xx_hal_flash_ex.o(i.FLASH_PageErase), (40 bytes).
    Removing stm32f1xx_hal_flash_ex.o(i.HAL_FLASHEx_Erase), (176 bytes).
    Removing stm32f1xx_hal_flash_ex.o(i.HAL_FLASHEx_Erase_IT), (100 bytes).
    Removing stm32f1xx_hal_flash_ex.o(i.HAL_FLASHEx_OBErase), (96 bytes).
    Removing stm32f1xx_hal_flash_ex.o(i.HAL_FLASHEx_OBGetConfig), (28 bytes).
    Removing stm32f1xx_hal_flash_ex.o(i.HAL_FLASHEx_OBGetUserData), (40 bytes).
    Removing stm32f1xx_hal_flash_ex.o(i.HAL_FLASHEx_OBProgram), (200 bytes).
    Removing stm32f1xx_hal_exti.o(.rev16_text), (4 bytes).
    Removing stm32f1xx_hal_exti.o(.revsh_text), (4 bytes).
    Removing stm32f1xx_hal_exti.o(.rrx_text), (6 bytes).
    Removing stm32f1xx_hal_exti.o(i.HAL_EXTI_ClearConfigLine), (120 bytes).
    Removing stm32f1xx_hal_exti.o(i.HAL_EXTI_ClearPending), (28 bytes).
    Removing stm32f1xx_hal_exti.o(i.HAL_EXTI_GenerateSWI), (24 bytes).
    Removing stm32f1xx_hal_exti.o(i.HAL_EXTI_GetConfigLine), (176 bytes).
    Removing stm32f1xx_hal_exti.o(i.HAL_EXTI_GetHandle), (14 bytes).
    Removing stm32f1xx_hal_exti.o(i.HAL_EXTI_GetPending), (36 bytes).
    Removing stm32f1xx_hal_exti.o(i.HAL_EXTI_IRQHandler), (44 bytes).
    Removing stm32f1xx_hal_exti.o(i.HAL_EXTI_RegisterCallback), (20 bytes).
    Removing stm32f1xx_hal_exti.o(i.HAL_EXTI_SetConfigLine), (240 bytes).
    Removing stm32f1xx_hal_uart.o(.rev16_text), (4 bytes).
    Removing stm32f1xx_hal_uart.o(.revsh_text), (4 bytes).
    Removing stm32f1xx_hal_uart.o(.rrx_text), (6 bytes).
    Removing stm32f1xx_hal_uart.o(i.HAL_HalfDuplex_EnableReceiver), (68 bytes).
    Removing stm32f1xx_hal_uart.o(i.HAL_HalfDuplex_EnableTransmitter), (68 bytes).
    Removing stm32f1xx_hal_uart.o(i.HAL_HalfDuplex_Init), (118 bytes).
    Removing stm32f1xx_hal_uart.o(i.HAL_LIN_Init), (142 bytes).
    Removing stm32f1xx_hal_uart.o(i.HAL_LIN_SendBreak), (62 bytes).
    Removing stm32f1xx_hal_uart.o(i.HAL_MultiProcessor_EnterMuteMode), (62 bytes).
    Removing stm32f1xx_hal_uart.o(i.HAL_MultiProcessor_ExitMuteMode), (62 bytes).
    Removing stm32f1xx_hal_uart.o(i.HAL_MultiProcessor_Init), (154 bytes).
    Removing stm32f1xx_hal_uart.o(i.HAL_UART_Abort), (166 bytes).
    Removing stm32f1xx_hal_uart.o(i.HAL_UART_AbortCpltCallback), (2 bytes).
    Removing stm32f1xx_hal_uart.o(i.HAL_UART_AbortReceive), (100 bytes).
    Removing stm32f1xx_hal_uart.o(i.HAL_UART_AbortReceiveCpltCallback), (2 bytes).
    Removing stm32f1xx_hal_uart.o(i.HAL_UART_AbortReceive_IT), (120 bytes).
    Removing stm32f1xx_hal_uart.o(i.HAL_UART_AbortTransmit), (88 bytes).
    Removing stm32f1xx_hal_uart.o(i.HAL_UART_AbortTransmitCpltCallback), (2 bytes).
    Removing stm32f1xx_hal_uart.o(i.HAL_UART_AbortTransmit_IT), (108 bytes).
    Removing stm32f1xx_hal_uart.o(i.HAL_UART_Abort_IT), (216 bytes).
    Removing stm32f1xx_hal_uart.o(i.HAL_UART_DMAPause), (124 bytes).
    Removing stm32f1xx_hal_uart.o(i.HAL_UART_DMAResume), (126 bytes).
    Removing stm32f1xx_hal_uart.o(i.HAL_UART_DeInit), (58 bytes).
    Removing stm32f1xx_hal_uart.o(i.HAL_UART_GetError), (6 bytes).
    Removing stm32f1xx_hal_uart.o(i.HAL_UART_GetState), (20 bytes).
    Removing stm32f1xx_hal_uart.o(i.HAL_UART_MspDeInit), (2 bytes).
    Removing stm32f1xx_hal_uart.o(i.HAL_UART_MspInit), (2 bytes).
    Removing stm32f1xx_hal_uart.o(i.HAL_UART_Receive), (222 bytes).
    Removing stm32f1xx_hal_uart.o(i.HAL_UART_Receive_IT), (112 bytes).
    Removing stm32f1xx_hal_uart.o(i.HAL_UART_RxCpltCallback), (2 bytes).
    Removing stm32f1xx_hal_uart.o(i.HAL_UART_Transmit_DMA), (156 bytes).
    Removing stm32f1xx_hal_uart.o(i.HAL_UART_Transmit_IT), (88 bytes).
    Removing stm32f1xx_hal_uart.o(i.HAL_UART_TxHalfCpltCallback), (2 bytes).
    Removing stm32f1xx_hal_uart.o(i.UART_DMARxAbortCallback), (52 bytes).
    Removing stm32f1xx_hal_uart.o(i.UART_DMARxOnlyAbortCallback), (24 bytes).
    Removing stm32f1xx_hal_uart.o(i.UART_DMATransmitCplt), (54 bytes).
    Removing stm32f1xx_hal_uart.o(i.UART_DMATxAbortCallback), (52 bytes).
    Removing stm32f1xx_hal_uart.o(i.UART_DMATxHalfCplt), (14 bytes).
    Removing stm32f1xx_hal_uart.o(i.UART_DMATxOnlyAbortCallback), (24 bytes).
    Removing system_stm32f1xx.o(.rev16_text), (4 bytes).
    Removing system_stm32f1xx.o(.revsh_text), (4 bytes).
    Removing system_stm32f1xx.o(.rrx_text), (6 bytes).
    Removing system_stm32f1xx.o(i.SystemCoreClockUpdate), (164 bytes).

361 unused section(s) (total 24536 bytes) removed from the image.

==============================================================================

Image Symbol Table

    Local Symbols

    Symbol Name                              Value     Ov Type        Size  Object(Section)

    ../Drivers/STM32F1xx_HAL_Driver/Src/stm32f1xx_hal.c 0x00000000   Number         0  stm32f1xx_hal.o ABSOLUTE
    ../Drivers/STM32F1xx_HAL_Driver/Src/stm32f1xx_hal_cortex.c 0x00000000   Number         0  stm32f1xx_hal_cortex.o ABSOLUTE
    ../Drivers/STM32F1xx_HAL_Driver/Src/stm32f1xx_hal_dma.c 0x00000000   Number         0  stm32f1xx_hal_dma.o ABSOLUTE
    ../Drivers/STM32F1xx_HAL_Driver/Src/stm32f1xx_hal_exti.c 0x00000000   Number         0  stm32f1xx_hal_exti.o ABSOLUTE
    ../Drivers/STM32F1xx_HAL_Driver/Src/stm32f1xx_hal_flash.c 0x00000000   Number         0  stm32f1xx_hal_flash.o ABSOLUTE
    ../Drivers/STM32F1xx_HAL_Driver/Src/stm32f1xx_hal_flash_ex.c 0x00000000   Number         0  stm32f1xx_hal_flash_ex.o ABSOLUTE
    ../Drivers/STM32F1xx_HAL_Driver/Src/stm32f1xx_hal_gpio.c 0x00000000   Number         0  stm32f1xx_hal_gpio.o ABSOLUTE
    ../Drivers/STM32F1xx_HAL_Driver/Src/stm32f1xx_hal_gpio_ex.c 0x00000000   Number         0  stm32f1xx_hal_gpio_ex.o ABSOLUTE
    ../Drivers/STM32F1xx_HAL_Driver/Src/stm32f1xx_hal_pwr.c 0x00000000   Number         0  stm32f1xx_hal_pwr.o ABSOLUTE
    ../Drivers/STM32F1xx_HAL_Driver/Src/stm32f1xx_hal_rcc.c 0x00000000   Number         0  stm32f1xx_hal_rcc.o ABSOLUTE
    ../Drivers/STM32F1xx_HAL_Driver/Src/stm32f1xx_hal_rcc_ex.c 0x00000000   Number         0  stm32f1xx_hal_rcc_ex.o ABSOLUTE
    ../Drivers/STM32F1xx_HAL_Driver/Src/stm32f1xx_hal_tim.c 0x00000000   Number         0  stm32f1xx_hal_tim.o ABSOLUTE
    ../Drivers/STM32F1xx_HAL_Driver/Src/stm32f1xx_hal_tim_ex.c 0x00000000   Number         0  stm32f1xx_hal_tim_ex.o ABSOLUTE
    ../Drivers/STM32F1xx_HAL_Driver/Src/stm32f1xx_hal_uart.c 0x00000000   Number         0  stm32f1xx_hal_uart.o ABSOLUTE
    ../Src/dma.c                             0x00000000   Number         0  dma.o ABSOLUTE
    ../Src/gpio.c                            0x00000000   Number         0  gpio.o ABSOLUTE
    ../Src/main.c                            0x00000000   Number         0  main.o ABSOLUTE
    ../Src/stm32f1xx_hal_msp.c               0x00000000   Number         0  stm32f1xx_hal_msp.o ABSOLUTE
    ../Src/stm32f1xx_it.c                    0x00000000   Number         0  stm32f1xx_it.o ABSOLUTE
    ../Src/system_stm32f1xx.c                0x00000000   Number         0  system_stm32f1xx.o ABSOLUTE
    ../Src/tim.c                             0x00000000   Number         0  tim.o ABSOLUTE
    ../Src/usart.c                           0x00000000   Number         0  usart.o ABSOLUTE
    ../clib/microlib/division.c              0x00000000   Number         0  uidiv.o ABSOLUTE
    ../clib/microlib/division.c              0x00000000   Number         0  uldiv.o ABSOLUTE
    ../clib/microlib/init/entry.s            0x00000000   Number         0  entry11a.o ABSOLUTE
    ../clib/microlib/init/entry.s            0x00000000   Number         0  entry7b.o ABSOLUTE
    ../clib/microlib/init/entry.s            0x00000000   Number         0  entry8a.o ABSOLUTE
    ../clib/microlib/init/entry.s            0x00000000   Number         0  entry7a.o ABSOLUTE
    ../clib/microlib/init/entry.s            0x00000000   Number         0  entry8b.o ABSOLUTE
    ../clib/microlib/init/entry.s            0x00000000   Number         0  entry10b.o ABSOLUTE
    ../clib/microlib/init/entry.s            0x00000000   Number         0  entry11b.o ABSOLUTE
    ../clib/microlib/init/entry.s            0x00000000   Number         0  entry10a.o ABSOLUTE
    ../clib/microlib/init/entry.s            0x00000000   Number         0  entry9b.o ABSOLUTE
    ../clib/microlib/init/entry.s            0x00000000   Number         0  entry9a.o ABSOLUTE
    ../clib/microlib/init/entry.s            0x00000000   Number         0  entry.o ABSOLUTE
    ../clib/microlib/init/entry.s            0x00000000   Number         0  entry5.o ABSOLUTE
    ../clib/microlib/init/entry.s            0x00000000   Number         0  entry2.o ABSOLUTE
    ../clib/microlib/longlong.c              0x00000000   Number         0  llsshr.o ABSOLUTE
    ../clib/microlib/longlong.c              0x00000000   Number         0  llushr.o ABSOLUTE
    ../clib/microlib/longlong.c              0x00000000   Number         0  llshl.o ABSOLUTE
    ../clib/microlib/malloc/malloc.c         0x00000000   Number         0  malloc.o ABSOLUTE
    ../clib/microlib/malloc/malloc.c         0x00000000   Number         0  mallocra.o ABSOLUTE
    ../clib/microlib/malloc/malloc.c         0x00000000   Number         0  malloca.o ABSOLUTE
    ../clib/microlib/malloc/malloc.c         0x00000000   Number         0  mallocr.o ABSOLUTE
    ../clib/microlib/malloc/mvars.c          0x00000000   Number         0  mvars.o ABSOLUTE
    ../clib/microlib/printf/printf.c         0x00000000   Number         0  printf0.o ABSOLUTE
    ../clib/microlib/printf/printf.c         0x00000000   Number         0  printfb.o ABSOLUTE
    ../clib/microlib/printf/printf.c         0x00000000   Number         0  printf8.o ABSOLUTE
    ../clib/microlib/printf/printf.c         0x00000000   Number         0  printf4.o ABSOLUTE
    ../clib/microlib/printf/printf.c         0x00000000   Number         0  printfa.o ABSOLUTE
    ../clib/microlib/printf/printf.c         0x00000000   Number         0  printf7.o ABSOLUTE
    ../clib/microlib/printf/printf.c         0x00000000   Number         0  printf6.o ABSOLUTE
    ../clib/microlib/printf/printf.c         0x00000000   Number         0  printf5.o ABSOLUTE
    ../clib/microlib/printf/printf.c         0x00000000   Number         0  printf3.o ABSOLUTE
    ../clib/microlib/printf/printf.c         0x00000000   Number         0  printf2.o ABSOLUTE
    ../clib/microlib/printf/printf.c         0x00000000   Number         0  printf1.o ABSOLUTE
    ../clib/microlib/stdio/streams.c         0x00000000   Number         0  stdout.o ABSOLUTE
    ../clib/microlib/string/memcpy.c         0x00000000   Number         0  memcpya.o ABSOLUTE
    ../clib/microlib/string/memcpy.c         0x00000000   Number         0  memcpyb.o ABSOLUTE
    ../clib/microlib/string/memset.c         0x00000000   Number         0  memseta.o ABSOLUTE
    ../clib/microlib/string/strcat.c         0x00000000   Number         0  strcat.o ABSOLUTE
    ../clib/microlib/string/strlen.c         0x00000000   Number         0  strlen.o ABSOLUTE
    ../clib/microlib/string/strstr.c         0x00000000   Number         0  strstr.o ABSOLUTE
    ../clib/microlib/stubs.s                 0x00000000   Number         0  iusefp.o ABSOLUTE
    ../fplib/microlib/fpadd.c                0x00000000   Number         0  dadd.o ABSOLUTE
    ../fplib/microlib/fpdiv.c                0x00000000   Number         0  ddiv.o ABSOLUTE
    ../fplib/microlib/fpepilogue.c           0x00000000   Number         0  depilogue.o ABSOLUTE
    ../fplib/microlib/fpfix.c                0x00000000   Number         0  dfixul.o ABSOLUTE
    ../fplib/microlib/fpmul.c                0x00000000   Number         0  dmul.o ABSOLUTE
    ..\Drivers\STM32F1xx_HAL_Driver\Src\stm32f1xx_hal.c 0x00000000   Number         0  stm32f1xx_hal.o ABSOLUTE
    ..\Drivers\STM32F1xx_HAL_Driver\Src\stm32f1xx_hal_cortex.c 0x00000000   Number         0  stm32f1xx_hal_cortex.o ABSOLUTE
    ..\Drivers\STM32F1xx_HAL_Driver\Src\stm32f1xx_hal_dma.c 0x00000000   Number         0  stm32f1xx_hal_dma.o ABSOLUTE
    ..\Drivers\STM32F1xx_HAL_Driver\Src\stm32f1xx_hal_exti.c 0x00000000   Number         0  stm32f1xx_hal_exti.o ABSOLUTE
    ..\Drivers\STM32F1xx_HAL_Driver\Src\stm32f1xx_hal_flash.c 0x00000000   Number         0  stm32f1xx_hal_flash.o ABSOLUTE
    ..\Drivers\STM32F1xx_HAL_Driver\Src\stm32f1xx_hal_flash_ex.c 0x00000000   Number         0  stm32f1xx_hal_flash_ex.o ABSOLUTE
    ..\Drivers\STM32F1xx_HAL_Driver\Src\stm32f1xx_hal_gpio.c 0x00000000   Number         0  stm32f1xx_hal_gpio.o ABSOLUTE
    ..\Drivers\STM32F1xx_HAL_Driver\Src\stm32f1xx_hal_gpio_ex.c 0x00000000   Number         0  stm32f1xx_hal_gpio_ex.o ABSOLUTE
    ..\Drivers\STM32F1xx_HAL_Driver\Src\stm32f1xx_hal_pwr.c 0x00000000   Number         0  stm32f1xx_hal_pwr.o ABSOLUTE
    ..\Drivers\STM32F1xx_HAL_Driver\Src\stm32f1xx_hal_rcc.c 0x00000000   Number         0  stm32f1xx_hal_rcc.o ABSOLUTE
    ..\Drivers\STM32F1xx_HAL_Driver\Src\stm32f1xx_hal_rcc_ex.c 0x00000000   Number         0  stm32f1xx_hal_rcc_ex.o ABSOLUTE
    ..\Drivers\STM32F1xx_HAL_Driver\Src\stm32f1xx_hal_tim.c 0x00000000   Number         0  stm32f1xx_hal_tim.o ABSOLUTE
    ..\Drivers\STM32F1xx_HAL_Driver\Src\stm32f1xx_hal_tim_ex.c 0x00000000   Number         0  stm32f1xx_hal_tim_ex.o ABSOLUTE
    ..\Drivers\STM32F1xx_HAL_Driver\Src\stm32f1xx_hal_uart.c 0x00000000   Number         0  stm32f1xx_hal_uart.o ABSOLUTE
    ..\Src\dma.c                             0x00000000   Number         0  dma.o ABSOLUTE
    ..\Src\gpio.c                            0x00000000   Number         0  gpio.o ABSOLUTE
    ..\Src\main.c                            0x00000000   Number         0  main.o ABSOLUTE
    ..\Src\stm32f1xx_hal_msp.c               0x00000000   Number         0  stm32f1xx_hal_msp.o ABSOLUTE
    ..\Src\stm32f1xx_it.c                    0x00000000   Number         0  stm32f1xx_it.o ABSOLUTE
    ..\Src\system_stm32f1xx.c                0x00000000   Number         0  system_stm32f1xx.o ABSOLUTE
    ..\Src\tim.c                             0x00000000   Number         0  tim.o ABSOLUTE
    ..\Src\usart.c                           0x00000000   Number         0  usart.o ABSOLUTE
    ..\Src\wifi.c                            0x00000000   Number         0  wifi.o ABSOLUTE
    ..\\Src\\wifi.c                          0x00000000   Number         0  wifi.o ABSOLUTE
    cdrcmple.s                               0x00000000   Number         0  cdrcmple.o ABSOLUTE
    dc.s                                     0x00000000   Number         0  dc.o ABSOLUTE
    handlers.s                               0x00000000   Number         0  handlers.o ABSOLUTE
    init.s                                   0x00000000   Number         0  init.o ABSOLUTE
    startup_stm32f103xb.s                    0x00000000   Number         0  startup_stm32f103xb.o ABSOLUTE
    RESET                                    0x08000000   Section      236  startup_stm32f103xb.o(RESET)
    .ARM.Collect$$$$00000000                 0x080000ec   Section        0  entry.o(.ARM.Collect$$$$00000000)
    .ARM.Collect$$$$00000001                 0x080000ec   Section        4  entry2.o(.ARM.Collect$$$$00000001)
    .ARM.Collect$$$$00000004                 0x080000f0   Section        4  entry5.o(.ARM.Collect$$$$00000004)
    .ARM.Collect$$$$00000008                 0x080000f4   Section        0  entry7b.o(.ARM.Collect$$$$00000008)
    .ARM.Collect$$$$0000000A                 0x080000f4   Section        0  entry8b.o(.ARM.Collect$$$$0000000A)
    .ARM.Collect$$$$0000000B                 0x080000f4   Section        8  entry9a.o(.ARM.Collect$$$$0000000B)
    .ARM.Collect$$$$0000000D                 0x080000fc   Section        0  entry10a.o(.ARM.Collect$$$$0000000D)
    .ARM.Collect$$$$0000000F                 0x080000fc   Section        0  entry11a.o(.ARM.Collect$$$$0000000F)
    .ARM.Collect$$$$00002712                 0x080000fc   Section        4  entry2.o(.ARM.Collect$$$$00002712)
    __lit__00000000                          0x080000fc   Data           4  entry2.o(.ARM.Collect$$$$00002712)
    .text                                    0x08000100   Section       36  startup_stm32f103xb.o(.text)
    .text                                    0x08000124   Section        0  llushr.o(.text)
    .text                                    0x08000144   Section        0  memcpya.o(.text)
    .text                                    0x08000168   Section        0  memseta.o(.text)
    .text                                    0x0800018c   Section        0  strcat.o(.text)
    .text                                    0x080001a4   Section        0  strstr.o(.text)
    .text                                    0x080001c8   Section        0  strlen.o(.text)
    .text                                    0x080001d6   Section        0  uidiv.o(.text)
    .text                                    0x08000202   Section        0  uldiv.o(.text)
    .text                                    0x08000264   Section        0  dadd.o(.text)
    .text                                    0x08000264   Section        0  iusefp.o(.text)
    .text                                    0x080003b2   Section        0  dmul.o(.text)
    .text                                    0x08000496   Section        0  ddiv.o(.text)
    .text                                    0x08000574   Section        0  dfixul.o(.text)
    .text                                    0x080005a4   Section       48  cdrcmple.o(.text)
    .text                                    0x080005d4   Section       36  init.o(.text)
    .text                                    0x080005f8   Section        0  llshl.o(.text)
    .text                                    0x08000616   Section        0  llsshr.o(.text)
    .text                                    0x0800063a   Section        0  depilogue.o(.text)
    i.BusFault_Handler                       0x080006f4   Section        0  stm32f1xx_it.o(i.BusFault_Handler)
    i.DMA1_Channel5_IRQHandler               0x080006f8   Section        0  stm32f1xx_it.o(i.DMA1_Channel5_IRQHandler)
    i.DMA_SetConfig                          0x08000708   Section        0  stm32f1xx_hal_dma.o(i.DMA_SetConfig)
    DMA_SetConfig                            0x08000709   Thumb Code    44  stm32f1xx_hal_dma.o(i.DMA_SetConfig)
    i.DebugMon_Handler                       0x08000734   Section        0  stm32f1xx_it.o(i.DebugMon_Handler)
    i.EXTI15_10_IRQHandler                   0x08000736   Section        0  stm32f1xx_it.o(i.EXTI15_10_IRQHandler)
    i.EnableUsart_IT                         0x08000744   Section        0  wifi.o(i.EnableUsart_IT)
    i.Error_Handler                          0x080007b0   Section        0  main.o(i.Error_Handler)
    i.HAL_DMA_Abort                          0x080007b2   Section        0  stm32f1xx_hal_dma.o(i.HAL_DMA_Abort)
    i.HAL_DMA_Abort_IT                       0x08000808   Section        0  stm32f1xx_hal_dma.o(i.HAL_DMA_Abort_IT)
    i.HAL_DMA_IRQHandler                     0x080008b8   Section        0  stm32f1xx_hal_dma.o(i.HAL_DMA_IRQHandler)
    i.HAL_DMA_Init                           0x08000a54   Section        0  stm32f1xx_hal_dma.o(i.HAL_DMA_Init)
    i.HAL_DMA_Start_IT                       0x08000abc   Section        0  stm32f1xx_hal_dma.o(i.HAL_DMA_Start_IT)
    i.HAL_Delay                              0x08000b58   Section        0  stm32f1xx_hal.o(i.HAL_Delay)
    i.HAL_GPIO_EXTI_Callback                 0x08000b80   Section        0  stm32f1xx_hal_gpio.o(i.HAL_GPIO_EXTI_Callback)
    i.HAL_GPIO_EXTI_IRQHandler               0x08000b84   Section        0  stm32f1xx_hal_gpio.o(i.HAL_GPIO_EXTI_IRQHandler)
    i.HAL_GPIO_Init                          0x08000ba0   Section        0  stm32f1xx_hal_gpio.o(i.HAL_GPIO_Init)
    i.HAL_GPIO_WritePin                      0x08000ec0   Section        0  stm32f1xx_hal_gpio.o(i.HAL_GPIO_WritePin)
    i.HAL_GetTick                            0x08000ecc   Section        0  stm32f1xx_hal.o(i.HAL_GetTick)
    i.HAL_IncTick                            0x08000ed8   Section        0  stm32f1xx_hal.o(i.HAL_IncTick)
    i.HAL_Init                               0x08000ef0   Section        0  stm32f1xx_hal.o(i.HAL_Init)
    i.HAL_InitTick                           0x08000f18   Section        0  stm32f1xx_hal.o(i.HAL_InitTick)
    i.HAL_MspInit                            0x08000f64   Section        0  stm32f1xx_hal_msp.o(i.HAL_MspInit)
    i.HAL_NVIC_EnableIRQ                     0x08000fc0   Section        0  stm32f1xx_hal_cortex.o(i.HAL_NVIC_EnableIRQ)
    i.HAL_NVIC_SetPriority                   0x08000fe0   Section        0  stm32f1xx_hal_cortex.o(i.HAL_NVIC_SetPriority)
    i.HAL_NVIC_SetPriorityGrouping           0x0800105c   Section        0  stm32f1xx_hal_cortex.o(i.HAL_NVIC_SetPriorityGrouping)
    i.HAL_RCC_ClockConfig                    0x08001084   Section        0  stm32f1xx_hal_rcc.o(i.HAL_RCC_ClockConfig)
    i.HAL_RCC_GetHCLKFreq                    0x08001210   Section        0  stm32f1xx_hal_rcc.o(i.HAL_RCC_GetHCLKFreq)
    i.HAL_RCC_GetPCLK1Freq                   0x0800121c   Section        0  stm32f1xx_hal_rcc.o(i.HAL_RCC_GetPCLK1Freq)
    i.HAL_RCC_GetPCLK2Freq                   0x0800123c   Section        0  stm32f1xx_hal_rcc.o(i.HAL_RCC_GetPCLK2Freq)
    i.HAL_RCC_GetSysClockFreq                0x0800125c   Section        0  stm32f1xx_hal_rcc.o(i.HAL_RCC_GetSysClockFreq)
    i.HAL_RCC_OscConfig                      0x080012f0   Section        0  stm32f1xx_hal_rcc.o(i.HAL_RCC_OscConfig)
    i.HAL_SYSTICK_Config                     0x08001754   Section        0  stm32f1xx_hal_cortex.o(i.HAL_SYSTICK_Config)
    i.HAL_TIMEx_BreakCallback                0x08001788   Section        0  stm32f1xx_hal_tim_ex.o(i.HAL_TIMEx_BreakCallback)
    i.HAL_TIMEx_CommutCallback               0x0800178a   Section        0  stm32f1xx_hal_tim_ex.o(i.HAL_TIMEx_CommutCallback)
    i.HAL_TIMEx_MasterConfigSynchronization  0x0800178c   Section        0  stm32f1xx_hal_tim_ex.o(i.HAL_TIMEx_MasterConfigSynchronization)
    i.HAL_TIM_Base_Init                      0x080017e0   Section        0  stm32f1xx_hal_tim.o(i.HAL_TIM_Base_Init)
    i.HAL_TIM_Base_MspInit                   0x08001814   Section        0  tim.o(i.HAL_TIM_Base_MspInit)
    i.HAL_TIM_Base_Start_IT                  0x08001854   Section        0  stm32f1xx_hal_tim.o(i.HAL_TIM_Base_Start_IT)
    i.HAL_TIM_ConfigClockSource              0x0800187e   Section        0  stm32f1xx_hal_tim.o(i.HAL_TIM_ConfigClockSource)
    i.HAL_TIM_IC_CaptureCallback             0x08001986   Section        0  stm32f1xx_hal_tim.o(i.HAL_TIM_IC_CaptureCallback)
    i.HAL_TIM_IRQHandler                     0x08001988   Section        0  stm32f1xx_hal_tim.o(i.HAL_TIM_IRQHandler)
    i.HAL_TIM_OC_DelayElapsedCallback        0x08001b1e   Section        0  stm32f1xx_hal_tim.o(i.HAL_TIM_OC_DelayElapsedCallback)
    i.HAL_TIM_PWM_PulseFinishedCallback      0x08001b20   Section        0  stm32f1xx_hal_tim.o(i.HAL_TIM_PWM_PulseFinishedCallback)
    i.HAL_TIM_PeriodElapsedCallback          0x08001b24   Section        0  stm32f1xx_it.o(i.HAL_TIM_PeriodElapsedCallback)
    i.HAL_TIM_TriggerCallback                0x08001b54   Section        0  stm32f1xx_hal_tim.o(i.HAL_TIM_TriggerCallback)
    i.HAL_UART_DMAStop                       0x08001b56   Section        0  stm32f1xx_hal_uart.o(i.HAL_UART_DMAStop)
    i.HAL_UART_ErrorCallback                 0x08001bbc   Section        0  stm32f1xx_hal_uart.o(i.HAL_UART_ErrorCallback)
    i.HAL_UART_IRQHandler                    0x08001bc0   Section        0  stm32f1xx_hal_uart.o(i.HAL_UART_IRQHandler)
    i.HAL_UART_Init                          0x08001d0c   Section        0  stm32f1xx_hal_uart.o(i.HAL_UART_Init)
    i.HAL_UART_MspInit                       0x08001d80   Section        0  usart.o(i.HAL_UART_MspInit)
    i.HAL_UART_Receive_DMA                   0x08001ebc   Section        0  stm32f1xx_hal_uart.o(i.HAL_UART_Receive_DMA)
    i.HAL_UART_RxCpltCallback                0x08001f80   Section        0  wifi.o(i.HAL_UART_RxCpltCallback)
    i.HAL_UART_RxHalfCpltCallback            0x080020ac   Section        0  stm32f1xx_hal_uart.o(i.HAL_UART_RxHalfCpltCallback)
    i.HAL_UART_Transmit                      0x080020ae   Section        0  stm32f1xx_hal_uart.o(i.HAL_UART_Transmit)
    i.HAL_UART_TxCpltCallback                0x08002184   Section        0  stm32f1xx_hal_uart.o(i.HAL_UART_TxCpltCallback)
    i.HardFault_Handler                      0x08002186   Section        0  stm32f1xx_it.o(i.HardFault_Handler)
    i.MX_DMA_Init                            0x0800218c   Section        0  dma.o(i.MX_DMA_Init)
    i.MX_GPIO_Init                           0x080021c0   Section        0  gpio.o(i.MX_GPIO_Init)
    i.MX_TIM2_Init                           0x08002294   Section        0  tim.o(i.MX_TIM2_Init)
    i.MX_USART1_UART_Init                    0x08002300   Section        0  usart.o(i.MX_USART1_UART_Init)
    i.MX_USART2_UART_Init                    0x08002338   Section        0  usart.o(i.MX_USART2_UART_Init)
    i.MemManage_Handler                      0x08002370   Section        0  stm32f1xx_it.o(i.MemManage_Handler)
    i.NMI_Handler                            0x08002374   Section        0  stm32f1xx_it.o(i.NMI_Handler)
    i.PendSV_Handler                         0x08002376   Section        0  stm32f1xx_it.o(i.PendSV_Handler)
    i.RCC_Delay                              0x08002378   Section        0  stm32f1xx_hal_rcc.o(i.RCC_Delay)
    RCC_Delay                                0x08002379   Thumb Code    36  stm32f1xx_hal_rcc.o(i.RCC_Delay)
    i.SVC_Handler                            0x080023a0   Section        0  stm32f1xx_it.o(i.SVC_Handler)
    i.Send_AT_commend                        0x080023a4   Section        0  wifi.o(i.Send_AT_commend)
    i.SysTick_Handler                        0x08002400   Section        0  stm32f1xx_it.o(i.SysTick_Handler)
    i.SystemClock_Config                     0x08002408   Section        0  main.o(i.SystemClock_Config)
    i.SystemInit                             0x08002470   Section        0  system_stm32f1xx.o(i.SystemInit)
    i.TIM2_IRQHandler                        0x080024c8   Section        0  stm32f1xx_it.o(i.TIM2_IRQHandler)
    i.TIM_Base_SetConfig                     0x080024d8   Section        0  stm32f1xx_hal_tim.o(i.TIM_Base_SetConfig)
    i.TIM_ETR_SetConfig                      0x0800254c   Section        0  stm32f1xx_hal_tim.o(i.TIM_ETR_SetConfig)
    i.TIM_ITRx_SetConfig                     0x08002562   Section        0  stm32f1xx_hal_tim.o(i.TIM_ITRx_SetConfig)
    TIM_ITRx_SetConfig                       0x08002563   Thumb Code    18  stm32f1xx_hal_tim.o(i.TIM_ITRx_SetConfig)
    i.TIM_TI1_ConfigInputStage               0x08002574   Section        0  stm32f1xx_hal_tim.o(i.TIM_TI1_ConfigInputStage)
    TIM_TI1_ConfigInputStage                 0x08002575   Thumb Code    38  stm32f1xx_hal_tim.o(i.TIM_TI1_ConfigInputStage)
    i.TIM_TI2_ConfigInputStage               0x0800259a   Section        0  stm32f1xx_hal_tim.o(i.TIM_TI2_ConfigInputStage)
    TIM_TI2_ConfigInputStage                 0x0800259b   Thumb Code    40  stm32f1xx_hal_tim.o(i.TIM_TI2_ConfigInputStage)
    i.UART_DMAAbortOnError                   0x080025c2   Section        0  stm32f1xx_hal_uart.o(i.UART_DMAAbortOnError)
    UART_DMAAbortOnError                     0x080025c3   Thumb Code    20  stm32f1xx_hal_uart.o(i.UART_DMAAbortOnError)
    i.UART_DMAError                          0x080025d6   Section        0  stm32f1xx_hal_uart.o(i.UART_DMAError)
    UART_DMAError                            0x080025d7   Thumb Code    80  stm32f1xx_hal_uart.o(i.UART_DMAError)
    i.UART_DMAReceiveCplt                    0x08002626   Section        0  stm32f1xx_hal_uart.o(i.UART_DMAReceiveCplt)
    UART_DMAReceiveCplt                      0x08002627   Thumb Code    70  stm32f1xx_hal_uart.o(i.UART_DMAReceiveCplt)
    i.UART_DMARxHalfCplt                     0x0800266c   Section        0  stm32f1xx_hal_uart.o(i.UART_DMARxHalfCplt)
    UART_DMARxHalfCplt                       0x0800266d   Thumb Code    14  stm32f1xx_hal_uart.o(i.UART_DMARxHalfCplt)
    i.UART_EndRxTransfer                     0x0800267a   Section        0  stm32f1xx_hal_uart.o(i.UART_EndRxTransfer)
    UART_EndRxTransfer                       0x0800267b   Thumb Code    32  stm32f1xx_hal_uart.o(i.UART_EndRxTransfer)
    i.UART_EndTransmit_IT                    0x0800269a   Section        0  stm32f1xx_hal_uart.o(i.UART_EndTransmit_IT)
    UART_EndTransmit_IT                      0x0800269b   Thumb Code    32  stm32f1xx_hal_uart.o(i.UART_EndTransmit_IT)
    i.UART_EndTxTransfer                     0x080026ba   Section        0  stm32f1xx_hal_uart.o(i.UART_EndTxTransfer)
    UART_EndTxTransfer                       0x080026bb   Thumb Code    20  stm32f1xx_hal_uart.o(i.UART_EndTxTransfer)
    i.UART_Receive_IT                        0x080026ce   Section        0  stm32f1xx_hal_uart.o(i.UART_Receive_IT)
    UART_Receive_IT                          0x080026cf   Thumb Code   166  stm32f1xx_hal_uart.o(i.UART_Receive_IT)
    i.UART_SetConfig                         0x08002774   Section        0  stm32f1xx_hal_uart.o(i.UART_SetConfig)
    UART_SetConfig                           0x08002775   Thumb Code   412  stm32f1xx_hal_uart.o(i.UART_SetConfig)
    i.UART_Transmit_IT                       0x08002914   Section        0  stm32f1xx_hal_uart.o(i.UART_Transmit_IT)
    UART_Transmit_IT                         0x08002915   Thumb Code   104  stm32f1xx_hal_uart.o(i.UART_Transmit_IT)
    i.UART_WaitOnFlagUntilTimeout            0x0800297c   Section        0  stm32f1xx_hal_uart.o(i.UART_WaitOnFlagUntilTimeout)
    UART_WaitOnFlagUntilTimeout              0x0800297d   Thumb Code   108  stm32f1xx_hal_uart.o(i.UART_WaitOnFlagUntilTimeout)
    i.USART1_IRQHandler                      0x080029e8   Section        0  stm32f1xx_it.o(i.USART1_IRQHandler)
    i.USART2_IRQHandler                      0x08002a0c   Section        0  stm32f1xx_it.o(i.USART2_IRQHandler)
    i.USER_UART_Handler                      0x08002a1c   Section        0  wifi.o(i.USER_UART_Handler)
    i.UsageFault_Handler                     0x08002a90   Section        0  stm32f1xx_it.o(i.UsageFault_Handler)
    i.__0printf                              0x08002a94   Section        0  printfa.o(i.__0printf)
    i.__NVIC_GetPriorityGrouping             0x08002ab4   Section        0  stm32f1xx_hal_cortex.o(i.__NVIC_GetPriorityGrouping)
    __NVIC_GetPriorityGrouping               0x08002ab5   Thumb Code    10  stm32f1xx_hal_cortex.o(i.__NVIC_GetPriorityGrouping)
    i.__NVIC_SetPriority                     0x08002ac4   Section        0  stm32f1xx_hal_cortex.o(i.__NVIC_SetPriority)
    __NVIC_SetPriority                       0x08002ac5   Thumb Code    32  stm32f1xx_hal_cortex.o(i.__NVIC_SetPriority)
    i.__scatterload_copy                     0x08002aec   Section       14  handlers.o(i.__scatterload_copy)
    i.__scatterload_null                     0x08002afa   Section        2  handlers.o(i.__scatterload_null)
    i.__scatterload_zeroinit                 0x08002afc   Section       14  handlers.o(i.__scatterload_zeroinit)
    i._fp_digits                             0x08002b0c   Section        0  printfa.o(i._fp_digits)
    _fp_digits                               0x08002b0d   Thumb Code   366  printfa.o(i._fp_digits)
    i._printf_core                           0x08002c90   Section        0  printfa.o(i._printf_core)
    _printf_core                             0x08002c91   Thumb Code  1744  printfa.o(i._printf_core)
    i._printf_post_padding                   0x0800336c   Section        0  printfa.o(i._printf_post_padding)
    _printf_post_padding                     0x0800336d   Thumb Code    36  printfa.o(i._printf_post_padding)
    i._printf_pre_padding                    0x08003390   Section        0  printfa.o(i._printf_pre_padding)
    _printf_pre_padding                      0x08003391   Thumb Code    46  printfa.o(i._printf_pre_padding)
    i.clientStart                            0x080033c0   Section        0  wifi.o(i.clientStart)
    i.findStr                                0x0800354c   Section        0  wifi.o(i.findStr)
    i.fputc                                  0x08003568   Section        0  wifi.o(i.fputc)
    i.free                                   0x08003584   Section        0  malloc.o(i.free)
    i.main                                   0x080035d4   Section        0  main.o(i.main)
    i.malloc                                 0x08003620   Section        0  malloc.o(i.malloc)
    i.recDataAnalyze                         0x0800368c   Section        0  wifi.o(i.recDataAnalyze)
    i.recDataHandle                          0x080037d0   Section        0  wifi.o(i.recDataHandle)
    i.sendCommandCreate                      0x08003a80   Section        0  wifi.o(i.sendCommandCreate)
    i.sendData101                            0x08003b54   Section        0  wifi.o(i.sendData101)
    i.serverStart                            0x08003c8c   Section        0  wifi.o(i.serverStart)
    i.strConnect                             0x08003e60   Section        0  wifi.o(i.strConnect)
    i.userToDo                               0x08003ece   Section        0  wifi.o(i.userToDo)
    i.wifiInit                               0x08003ed0   Section        0  wifi.o(i.wifiInit)
    i.wifiStart                              0x08003efc   Section        0  wifi.o(i.wifiStart)
    .constdata                               0x08004038   Section       24  system_stm32f1xx.o(.constdata)
    .data                                    0x20000000   Section       20  wifi.o(.data)
    .data                                    0x20000014   Section        1  stm32f1xx_it.o(.data)
    count                                    0x20000014   Data           1  stm32f1xx_it.o(.data)
    .data                                    0x20000018   Section        9  stm32f1xx_hal.o(.data)
    .data                                    0x20000024   Section        4  system_stm32f1xx.o(.data)
    .data                                    0x20000028   Section        4  stdout.o(.data)
    .data                                    0x2000002c   Section        4  mvars.o(.data)
    .data                                    0x20000030   Section        4  mvars.o(.data)
    .bss                                     0x20000034   Section     2056  wifi.o(.bss)
    .bss                                     0x2000083c   Section       64  tim.o(.bss)
    .bss                                     0x2000087c   Section      196  usart.o(.bss)
    HEAP                                     0x20000940   Section      512  startup_stm32f103xb.o(HEAP)
    STACK                                    0x20000b40   Section     1024  startup_stm32f103xb.o(STACK)

    Global Symbols

    Symbol Name                              Value     Ov Type        Size  Object(Section)

    BuildAttributes$$THM_ISAv4$P$D$K$B$S$PE$A:L22UL41UL21$X:L11$S22US41US21$IEEE1$IW$USESV6$~STKCKD$USESV7$~SHL$OSPACE$ROPI$EBA8$MICROLIB$REQ8$PRES8$EABIv2 0x00000000   Number         0  anon$$obj.o ABSOLUTE
    __ARM_use_no_argv                        0x00000000   Number         0  main.o ABSOLUTE
    __cpp_initialize__aeabi_                  - Undefined Weak Reference
    __cxa_finalize                            - Undefined Weak Reference
    __decompress                              - Undefined Weak Reference
    _clock_init                               - Undefined Weak Reference
    _microlib_exit                            - Undefined Weak Reference
    __Vectors_Size                           0x000000ec   Number         0  startup_stm32f103xb.o ABSOLUTE
    __Vectors                                0x08000000   Data           4  startup_stm32f103xb.o(RESET)
    __Vectors_End                            0x080000ec   Data           0  startup_stm32f103xb.o(RESET)
    __main                                   0x080000ed   Thumb Code     0  entry.o(.ARM.Collect$$$$00000000)
    _main_stk                                0x080000ed   Thumb Code     0  entry2.o(.ARM.Collect$$$$00000001)
    _main_scatterload                        0x080000f1   Thumb Code     0  entry5.o(.ARM.Collect$$$$00000004)
    __main_after_scatterload                 0x080000f5   Thumb Code     0  entry5.o(.ARM.Collect$$$$00000004)
    _main_clock                              0x080000f5   Thumb Code     0  entry7b.o(.ARM.Collect$$$$00000008)
    _main_cpp_init                           0x080000f5   Thumb Code     0  entry8b.o(.ARM.Collect$$$$0000000A)
    _main_init                               0x080000f5   Thumb Code     0  entry9a.o(.ARM.Collect$$$$0000000B)
    __rt_final_cpp                           0x080000fd   Thumb Code     0  entry10a.o(.ARM.Collect$$$$0000000D)
    __rt_final_exit                          0x080000fd   Thumb Code     0  entry11a.o(.ARM.Collect$$$$0000000F)
    Reset_Handler                            0x08000101   Thumb Code     8  startup_stm32f103xb.o(.text)
    ADC1_2_IRQHandler                        0x0800011b   Thumb Code     0  startup_stm32f103xb.o(.text)
    CAN1_RX1_IRQHandler                      0x0800011b   Thumb Code     0  startup_stm32f103xb.o(.text)
    CAN1_SCE_IRQHandler                      0x0800011b   Thumb Code     0  startup_stm32f103xb.o(.text)
    DMA1_Channel1_IRQHandler                 0x0800011b   Thumb Code     0  startup_stm32f103xb.o(.text)
    DMA1_Channel2_IRQHandler                 0x0800011b   Thumb Code     0  startup_stm32f103xb.o(.text)
    DMA1_Channel3_IRQHandler                 0x0800011b   Thumb Code     0  startup_stm32f103xb.o(.text)
    DMA1_Channel4_IRQHandler                 0x0800011b   Thumb Code     0  startup_stm32f103xb.o(.text)
    DMA1_Channel6_IRQHandler                 0x0800011b   Thumb Code     0  startup_stm32f103xb.o(.text)
    DMA1_Channel7_IRQHandler                 0x0800011b   Thumb Code     0  startup_stm32f103xb.o(.text)
    EXTI0_IRQHandler                         0x0800011b   Thumb Code     0  startup_stm32f103xb.o(.text)
    EXTI1_IRQHandler                         0x0800011b   Thumb Code     0  startup_stm32f103xb.o(.text)
    EXTI2_IRQHandler                         0x0800011b   Thumb Code     0  startup_stm32f103xb.o(.text)
    EXTI3_IRQHandler                         0x0800011b   Thumb Code     0  startup_stm32f103xb.o(.text)
    EXTI4_IRQHandler                         0x0800011b   Thumb Code     0  startup_stm32f103xb.o(.text)
    EXTI9_5_IRQHandler                       0x0800011b   Thumb Code     0  startup_stm32f103xb.o(.text)
    FLASH_IRQHandler                         0x0800011b   Thumb Code     0  startup_stm32f103xb.o(.text)
    I2C1_ER_IRQHandler                       0x0800011b   Thumb Code     0  startup_stm32f103xb.o(.text)
    I2C1_EV_IRQHandler                       0x0800011b   Thumb Code     0  startup_stm32f103xb.o(.text)
    I2C2_ER_IRQHandler                       0x0800011b   Thumb Code     0  startup_stm32f103xb.o(.text)
    I2C2_EV_IRQHandler                       0x0800011b   Thumb Code     0  startup_stm32f103xb.o(.text)
    PVD_IRQHandler                           0x0800011b   Thumb Code     0  startup_stm32f103xb.o(.text)
    RCC_IRQHandler                           0x0800011b   Thumb Code     0  startup_stm32f103xb.o(.text)
    RTC_Alarm_IRQHandler                     0x0800011b   Thumb Code     0  startup_stm32f103xb.o(.text)
    RTC_IRQHandler                           0x0800011b   Thumb Code     0  startup_stm32f103xb.o(.text)
    SPI1_IRQHandler                          0x0800011b   Thumb Code     0  startup_stm32f103xb.o(.text)
    SPI2_IRQHandler                          0x0800011b   Thumb Code     0  startup_stm32f103xb.o(.text)
    TAMPER_IRQHandler                        0x0800011b   Thumb Code     0  startup_stm32f103xb.o(.text)
    TIM1_BRK_IRQHandler                      0x0800011b   Thumb Code     0  startup_stm32f103xb.o(.text)
    TIM1_CC_IRQHandler                       0x0800011b   Thumb Code     0  startup_stm32f103xb.o(.text)
    TIM1_TRG_COM_IRQHandler                  0x0800011b   Thumb Code     0  startup_stm32f103xb.o(.text)
    TIM1_UP_IRQHandler                       0x0800011b   Thumb Code     0  startup_stm32f103xb.o(.text)
    TIM3_IRQHandler                          0x0800011b   Thumb Code     0  startup_stm32f103xb.o(.text)
    TIM4_IRQHandler                          0x0800011b   Thumb Code     0  startup_stm32f103xb.o(.text)
    USART3_IRQHandler                        0x0800011b   Thumb Code     0  startup_stm32f103xb.o(.text)
    USBWakeUp_IRQHandler                     0x0800011b   Thumb Code     0  startup_stm32f103xb.o(.text)
    USB_HP_CAN1_TX_IRQHandler                0x0800011b   Thumb Code     0  startup_stm32f103xb.o(.text)
    USB_LP_CAN1_RX0_IRQHandler               0x0800011b   Thumb Code     0  startup_stm32f103xb.o(.text)
    WWDG_IRQHandler                          0x0800011b   Thumb Code     0  startup_stm32f103xb.o(.text)
    __aeabi_llsr                             0x08000125   Thumb Code    32  llushr.o(.text)
    _ll_ushift_r                             0x08000125   Thumb Code     0  llushr.o(.text)
    __aeabi_memcpy                           0x08000145   Thumb Code    36  memcpya.o(.text)
    __aeabi_memcpy4                          0x08000145   Thumb Code     0  memcpya.o(.text)
    __aeabi_memcpy8                          0x08000145   Thumb Code     0  memcpya.o(.text)
    __aeabi_memset                           0x08000169   Thumb Code    14  memseta.o(.text)
    __aeabi_memset4                          0x08000169   Thumb Code     0  memseta.o(.text)
    __aeabi_memset8                          0x08000169   Thumb Code     0  memseta.o(.text)
    __aeabi_memclr                           0x08000177   Thumb Code     4  memseta.o(.text)
    __aeabi_memclr4                          0x08000177   Thumb Code     0  memseta.o(.text)
    __aeabi_memclr8                          0x08000177   Thumb Code     0  memseta.o(.text)
    _memset$wrapper                          0x0800017b   Thumb Code    18  memseta.o(.text)
    strcat                                   0x0800018d   Thumb Code    24  strcat.o(.text)
    strstr                                   0x080001a5   Thumb Code    36  strstr.o(.text)
    strlen                                   0x080001c9   Thumb Code    14  strlen.o(.text)
    __aeabi_uidiv                            0x080001d7   Thumb Code     0  uidiv.o(.text)
    __aeabi_uidivmod                         0x080001d7   Thumb Code    44  uidiv.o(.text)
    __aeabi_uldivmod                         0x08000203   Thumb Code    98  uldiv.o(.text)
    __I$use$fp                               0x08000265   Thumb Code     0  iusefp.o(.text)
    __aeabi_dadd                             0x08000265   Thumb Code   322  dadd.o(.text)
    __aeabi_dsub                             0x080003a7   Thumb Code     6  dadd.o(.text)
    __aeabi_drsub                            0x080003ad   Thumb Code     6  dadd.o(.text)
    __aeabi_dmul                             0x080003b3   Thumb Code   228  dmul.o(.text)
    __aeabi_ddiv                             0x08000497   Thumb Code   222  ddiv.o(.text)
    __aeabi_d2ulz                            0x08000575   Thumb Code    48  dfixul.o(.text)
    __aeabi_cdrcmple                         0x080005a5   Thumb Code    48  cdrcmple.o(.text)
    __scatterload                            0x080005d5   Thumb Code    28  init.o(.text)
    __scatterload_rt2                        0x080005d5   Thumb Code     0  init.o(.text)
    __aeabi_llsl                             0x080005f9   Thumb Code    30  llshl.o(.text)
    _ll_shift_l                              0x080005f9   Thumb Code     0  llshl.o(.text)
    __aeabi_lasr                             0x08000617   Thumb Code    36  llsshr.o(.text)
    _ll_sshift_r                             0x08000617   Thumb Code     0  llsshr.o(.text)
    _double_round                            0x0800063b   Thumb Code    30  depilogue.o(.text)
    _double_epilogue                         0x08000659   Thumb Code   156  depilogue.o(.text)
    BusFault_Handler                         0x080006f5   Thumb Code     4  stm32f1xx_it.o(i.BusFault_Handler)
    DMA1_Channel5_IRQHandler                 0x080006f9   Thumb Code    10  stm32f1xx_it.o(i.DMA1_Channel5_IRQHandler)
    DebugMon_Handler                         0x08000735   Thumb Code     2  stm32f1xx_it.o(i.DebugMon_Handler)
    EXTI15_10_IRQHandler                     0x08000737   Thumb Code    12  stm32f1xx_it.o(i.EXTI15_10_IRQHandler)
    EnableUsart_IT                           0x08000745   Thumb Code    94  wifi.o(i.EnableUsart_IT)
    Error_Handler                            0x080007b1   Thumb Code     2  main.o(i.Error_Handler)
    HAL_DMA_Abort                            0x080007b3   Thumb Code    86  stm32f1xx_hal_dma.o(i.HAL_DMA_Abort)
    HAL_DMA_Abort_IT                         0x08000809   Thumb Code   172  stm32f1xx_hal_dma.o(i.HAL_DMA_Abort_IT)
    HAL_DMA_IRQHandler                       0x080008b9   Thumb Code   408  stm32f1xx_hal_dma.o(i.HAL_DMA_IRQHandler)
    HAL_DMA_Init                             0x08000a55   Thumb Code   100  stm32f1xx_hal_dma.o(i.HAL_DMA_Init)
    HAL_DMA_Start_IT                         0x08000abd   Thumb Code   156  stm32f1xx_hal_dma.o(i.HAL_DMA_Start_IT)
    HAL_Delay                                0x08000b59   Thumb Code    36  stm32f1xx_hal.o(i.HAL_Delay)
    HAL_GPIO_EXTI_Callback                   0x08000b81   Thumb Code     2  stm32f1xx_hal_gpio.o(i.HAL_GPIO_EXTI_Callback)
    HAL_GPIO_EXTI_IRQHandler                 0x08000b85   Thumb Code    24  stm32f1xx_hal_gpio.o(i.HAL_GPIO_EXTI_IRQHandler)
    HAL_GPIO_Init                            0x08000ba1   Thumb Code   766  stm32f1xx_hal_gpio.o(i.HAL_GPIO_Init)
    HAL_GPIO_WritePin                        0x08000ec1   Thumb Code    12  stm32f1xx_hal_gpio.o(i.HAL_GPIO_WritePin)
    HAL_GetTick                              0x08000ecd   Thumb Code     6  stm32f1xx_hal.o(i.HAL_GetTick)
    HAL_IncTick                              0x08000ed9   Thumb Code    16  stm32f1xx_hal.o(i.HAL_IncTick)
    HAL_Init                                 0x08000ef1   Thumb Code    34  stm32f1xx_hal.o(i.HAL_Init)
    HAL_InitTick                             0x08000f19   Thumb Code    64  stm32f1xx_hal.o(i.HAL_InitTick)
    HAL_MspInit                              0x08000f65   Thumb Code    82  stm32f1xx_hal_msp.o(i.HAL_MspInit)
    HAL_NVIC_EnableIRQ                       0x08000fc1   Thumb Code    32  stm32f1xx_hal_cortex.o(i.HAL_NVIC_EnableIRQ)
    HAL_NVIC_SetPriority                     0x08000fe1   Thumb Code   124  stm32f1xx_hal_cortex.o(i.HAL_NVIC_SetPriority)
    HAL_NVIC_SetPriorityGrouping             0x0800105d   Thumb Code    32  stm32f1xx_hal_cortex.o(i.HAL_NVIC_SetPriorityGrouping)
    HAL_RCC_ClockConfig                      0x08001085   Thumb Code   376  stm32f1xx_hal_rcc.o(i.HAL_RCC_ClockConfig)
    HAL_RCC_GetHCLKFreq                      0x08001211   Thumb Code     6  stm32f1xx_hal_rcc.o(i.HAL_RCC_GetHCLKFreq)
    HAL_RCC_GetPCLK1Freq                     0x0800121d   Thumb Code    22  stm32f1xx_hal_rcc.o(i.HAL_RCC_GetPCLK1Freq)
    HAL_RCC_GetPCLK2Freq                     0x0800123d   Thumb Code    22  stm32f1xx_hal_rcc.o(i.HAL_RCC_GetPCLK2Freq)
    HAL_RCC_GetSysClockFreq                  0x0800125d   Thumb Code   116  stm32f1xx_hal_rcc.o(i.HAL_RCC_GetSysClockFreq)
    HAL_RCC_OscConfig                        0x080012f1   Thumb Code  1114  stm32f1xx_hal_rcc.o(i.HAL_RCC_OscConfig)
    HAL_SYSTICK_Config                       0x08001755   Thumb Code    52  stm32f1xx_hal_cortex.o(i.HAL_SYSTICK_Config)
    HAL_TIMEx_BreakCallback                  0x08001789   Thumb Code     2  stm32f1xx_hal_tim_ex.o(i.HAL_TIMEx_BreakCallback)
    HAL_TIMEx_CommutCallback                 0x0800178b   Thumb Code     2  stm32f1xx_hal_tim_ex.o(i.HAL_TIMEx_CommutCallback)
    HAL_TIMEx_MasterConfigSynchronization    0x0800178d   Thumb Code    84  stm32f1xx_hal_tim_ex.o(i.HAL_TIMEx_MasterConfigSynchronization)
    HAL_TIM_Base_Init                        0x080017e1   Thumb Code    52  stm32f1xx_hal_tim.o(i.HAL_TIM_Base_Init)
    HAL_TIM_Base_MspInit                     0x08001815   Thumb Code    58  tim.o(i.HAL_TIM_Base_MspInit)
    HAL_TIM_Base_Start_IT                    0x08001855   Thumb Code    42  stm32f1xx_hal_tim.o(i.HAL_TIM_Base_Start_IT)
    HAL_TIM_ConfigClockSource                0x0800187f   Thumb Code   264  stm32f1xx_hal_tim.o(i.HAL_TIM_ConfigClockSource)
    HAL_TIM_IC_CaptureCallback               0x08001987   Thumb Code     2  stm32f1xx_hal_tim.o(i.HAL_TIM_IC_CaptureCallback)
    HAL_TIM_IRQHandler                       0x08001989   Thumb Code   406  stm32f1xx_hal_tim.o(i.HAL_TIM_IRQHandler)
    HAL_TIM_OC_DelayElapsedCallback          0x08001b1f   Thumb Code     2  stm32f1xx_hal_tim.o(i.HAL_TIM_OC_DelayElapsedCallback)
    HAL_TIM_PWM_PulseFinishedCallback        0x08001b21   Thumb Code     2  stm32f1xx_hal_tim.o(i.HAL_TIM_PWM_PulseFinishedCallback)
    HAL_TIM_PeriodElapsedCallback            0x08001b25   Thumb Code    40  stm32f1xx_it.o(i.HAL_TIM_PeriodElapsedCallback)
    HAL_TIM_TriggerCallback                  0x08001b55   Thumb Code     2  stm32f1xx_hal_tim.o(i.HAL_TIM_TriggerCallback)
    HAL_UART_DMAStop                         0x08001b57   Thumb Code   102  stm32f1xx_hal_uart.o(i.HAL_UART_DMAStop)
    HAL_UART_ErrorCallback                   0x08001bbd   Thumb Code     2  stm32f1xx_hal_uart.o(i.HAL_UART_ErrorCallback)
    HAL_UART_IRQHandler                      0x08001bc1   Thumb Code   326  stm32f1xx_hal_uart.o(i.HAL_UART_IRQHandler)
    HAL_UART_Init                            0x08001d0d   Thumb Code   114  stm32f1xx_hal_uart.o(i.HAL_UART_Init)
    HAL_UART_MspInit                         0x08001d81   Thumb Code   290  usart.o(i.HAL_UART_MspInit)
    HAL_UART_Receive_DMA                     0x08001ebd   Thumb Code   182  stm32f1xx_hal_uart.o(i.HAL_UART_Receive_DMA)
    HAL_UART_RxCpltCallback                  0x08001f81   Thumb Code   284  wifi.o(i.HAL_UART_RxCpltCallback)
    HAL_UART_RxHalfCpltCallback              0x080020ad   Thumb Code     2  stm32f1xx_hal_uart.o(i.HAL_UART_RxHalfCpltCallback)
    HAL_UART_Transmit                        0x080020af   Thumb Code   214  stm32f1xx_hal_uart.o(i.HAL_UART_Transmit)
    HAL_UART_TxCpltCallback                  0x08002185   Thumb Code     2  stm32f1xx_hal_uart.o(i.HAL_UART_TxCpltCallback)
    HardFault_Handler                        0x08002187   Thumb Code     4  stm32f1xx_it.o(i.HardFault_Handler)
    MX_DMA_Init                              0x0800218d   Thumb Code    48  dma.o(i.MX_DMA_Init)
    MX_GPIO_Init                             0x080021c1   Thumb Code   196  gpio.o(i.MX_GPIO_Init)
    MX_TIM2_Init                             0x08002295   Thumb Code   102  tim.o(i.MX_TIM2_Init)
    MX_USART1_UART_Init                      0x08002301   Thumb Code    46  usart.o(i.MX_USART1_UART_Init)
    MX_USART2_UART_Init                      0x08002339   Thumb Code    46  usart.o(i.MX_USART2_UART_Init)
    MemManage_Handler                        0x08002371   Thumb Code     4  stm32f1xx_it.o(i.MemManage_Handler)
    NMI_Handler                              0x08002375   Thumb Code     2  stm32f1xx_it.o(i.NMI_Handler)
    PendSV_Handler                           0x08002377   Thumb Code     2  stm32f1xx_it.o(i.PendSV_Handler)
    SVC_Handler                              0x080023a1   Thumb Code     2  stm32f1xx_it.o(i.SVC_Handler)
    Send_AT_commend                          0x080023a5   Thumb Code    84  wifi.o(i.Send_AT_commend)
    SysTick_Handler                          0x08002401   Thumb Code     8  stm32f1xx_it.o(i.SysTick_Handler)
    SystemClock_Config                       0x08002409   Thumb Code   102  main.o(i.SystemClock_Config)
    SystemInit                               0x08002471   Thumb Code    70  system_stm32f1xx.o(i.SystemInit)
    TIM2_IRQHandler                          0x080024c9   Thumb Code    10  stm32f1xx_it.o(i.TIM2_IRQHandler)
    TIM_Base_SetConfig                       0x080024d9   Thumb Code   104  stm32f1xx_hal_tim.o(i.TIM_Base_SetConfig)
    TIM_ETR_SetConfig                        0x0800254d   Thumb Code    22  stm32f1xx_hal_tim.o(i.TIM_ETR_SetConfig)
    USART1_IRQHandler                        0x080029e9   Thumb Code    26  stm32f1xx_it.o(i.USART1_IRQHandler)
    USART2_IRQHandler                        0x08002a0d   Thumb Code    10  stm32f1xx_it.o(i.USART2_IRQHandler)
    USER_UART_Handler                        0x08002a1d   Thumb Code   104  wifi.o(i.USER_UART_Handler)
    UsageFault_Handler                       0x08002a91   Thumb Code     4  stm32f1xx_it.o(i.UsageFault_Handler)
    __0printf                                0x08002a95   Thumb Code    22  printfa.o(i.__0printf)
    __1printf                                0x08002a95   Thumb Code     0  printfa.o(i.__0printf)
    __2printf                                0x08002a95   Thumb Code     0  printfa.o(i.__0printf)
    __c89printf                              0x08002a95   Thumb Code     0  printfa.o(i.__0printf)
    printf                                   0x08002a95   Thumb Code     0  printfa.o(i.__0printf)
    __scatterload_copy                       0x08002aed   Thumb Code    14  handlers.o(i.__scatterload_copy)
    __scatterload_null                       0x08002afb   Thumb Code     2  handlers.o(i.__scatterload_null)
    __scatterload_zeroinit                   0x08002afd   Thumb Code    14  handlers.o(i.__scatterload_zeroinit)
    clientStart                              0x080033c1   Thumb Code   192  wifi.o(i.clientStart)
    findStr                                  0x0800354d   Thumb Code    24  wifi.o(i.findStr)
    fputc                                    0x08003569   Thumb Code    24  wifi.o(i.fputc)
    free                                     0x08003585   Thumb Code    76  malloc.o(i.free)
    main                                     0x080035d5   Thumb Code    68  main.o(i.main)
    malloc                                   0x08003621   Thumb Code    92  malloc.o(i.malloc)
    recDataAnalyze                           0x0800368d   Thumb Code   318  wifi.o(i.recDataAnalyze)
    recDataHandle                            0x080037d1   Thumb Code   402  wifi.o(i.recDataHandle)
    sendCommandCreate                        0x08003a81   Thumb Code   190  wifi.o(i.sendCommandCreate)
    sendData101                              0x08003b55   Thumb Code   276  wifi.o(i.sendData101)
    serverStart                              0x08003c8d   Thumb Code   222  wifi.o(i.serverStart)
    strConnect                               0x08003e61   Thumb Code   110  wifi.o(i.strConnect)
    userToDo                                 0x08003ecf   Thumb Code     2  wifi.o(i.userToDo)
    wifiInit                                 0x08003ed1   Thumb Code    44  wifi.o(i.wifiInit)
    wifiStart                                0x08003efd   Thumb Code   110  wifi.o(i.wifiStart)
    AHBPrescTable                            0x08004038   Data          16  system_stm32f1xx.o(.constdata)
    APBPrescTable                            0x08004048   Data           8  system_stm32f1xx.o(.constdata)
    Region$$Table$$Base                      0x08004050   Number         0  anon$$obj.o(Region$$Table)
    Region$$Table$$Limit                     0x08004070   Number         0  anon$$obj.o(Region$$Table)
    wifiCom                                  0x20000000   Data           4  wifi.o(.data)
    persent_mode                             0x20000004   Data           1  wifi.o(.data)
    atFlag                                   0x20000005   Data           1  wifi.o(.data)
    rstFlag                                  0x20000006   Data           1  wifi.o(.data)
    modeFlag                                 0x20000007   Data           1  wifi.o(.data)
    sendReadyFlag                            0x20000008   Data           1  wifi.o(.data)
    sendOkFlag                               0x20000009   Data           1  wifi.o(.data)
    wifiConnectFlag                          0x2000000a   Data           1  wifi.o(.data)
    serverConnectFlag                        0x2000000b   Data           1  wifi.o(.data)
    serverCreateFlag                         0x2000000c   Data           1  wifi.o(.data)
    hotspotFlag                              0x2000000d   Data           1  wifi.o(.data)
    mulConFlag                               0x2000000e   Data           1  wifi.o(.data)
    dataAnalyzeFlag                          0x2000000f   Data           1  wifi.o(.data)
    counter                                  0x20000010   Data           4  wifi.o(.data)
    uwTick                                   0x20000018   Data           4  stm32f1xx_hal.o(.data)
    uwTickPrio                               0x2000001c   Data           4  stm32f1xx_hal.o(.data)
    uwTickFreq                               0x20000020   Data           1  stm32f1xx_hal.o(.data)
    SystemCoreClock                          0x20000024   Data           4  system_stm32f1xx.o(.data)
    __stdout                                 0x20000028   Data           4  stdout.o(.data)
    __microlib_freelist                      0x2000002c   Data           4  mvars.o(.data)
    __microlib_freelist_initialised          0x20000030   Data           4  mvars.o(.data)
    Espdatatype                              0x20000034   Data        2056  wifi.o(.bss)
    htim2                                    0x2000083c   Data          64  tim.o(.bss)
    huart1                                   0x2000087c   Data          64  usart.o(.bss)
    huart2                                   0x200008bc   Data          64  usart.o(.bss)
    hdma_usart1_rx                           0x200008fc   Data          68  usart.o(.bss)
    __heap_base                              0x20000940   Data           0  startup_stm32f103xb.o(HEAP)
    __heap_limit                             0x20000b40   Data           0  startup_stm32f103xb.o(HEAP)
    __initial_sp                             0x20000f40   Data           0  startup_stm32f103xb.o(STACK)



==============================================================================

Memory Map of the image

  Image Entry point : 0x080000ed

  Load Region LR_IROM1 (Base: 0x08000000, Size: 0x000040a4, Max: 0x00020000, ABSOLUTE)

    Execution Region ER_IROM1 (Exec base: 0x08000000, Load base: 0x08000000, Size: 0x00004070, Max: 0x00020000, ABSOLUTE)

    Exec Addr    Load Addr    Size         Type   Attr      Idx    E Section Name        Object

    0x08000000   0x08000000   0x000000ec   Data   RO            3    RESET               startup_stm32f103xb.o
    0x080000ec   0x080000ec   0x00000000   Code   RO         2930  * .ARM.Collect$$$$00000000  mc_w.l(entry.o)
    0x080000ec   0x080000ec   0x00000004   Code   RO         3235    .ARM.Collect$$$$00000001  mc_w.l(entry2.o)
    0x080000f0   0x080000f0   0x00000004   Code   RO         3238    .ARM.Collect$$$$00000004  mc_w.l(entry5.o)
    0x080000f4   0x080000f4   0x00000000   Code   RO         3240    .ARM.Collect$$$$00000008  mc_w.l(entry7b.o)
    0x080000f4   0x080000f4   0x00000000   Code   RO         3242    .ARM.Collect$$$$0000000A  mc_w.l(entry8b.o)
    0x080000f4   0x080000f4   0x00000008   Code   RO         3243    .ARM.Collect$$$$0000000B  mc_w.l(entry9a.o)
    0x080000fc   0x080000fc   0x00000000   Code   RO         3245    .ARM.Collect$$$$0000000D  mc_w.l(entry10a.o)
    0x080000fc   0x080000fc   0x00000000   Code   RO         3247    .ARM.Collect$$$$0000000F  mc_w.l(entry11a.o)
    0x080000fc   0x080000fc   0x00000004   Code   RO         3236    .ARM.Collect$$$$00002712  mc_w.l(entry2.o)
    0x08000100   0x08000100   0x00000024   Code   RO            4    .text               startup_stm32f103xb.o
    0x08000124   0x08000124   0x00000020   Code   RO         2933    .text               mc_w.l(llushr.o)
    0x08000144   0x08000144   0x00000024   Code   RO         2935    .text               mc_w.l(memcpya.o)
    0x08000168   0x08000168   0x00000024   Code   RO         2937    .text               mc_w.l(memseta.o)
    0x0800018c   0x0800018c   0x00000018   Code   RO         2939    .text               mc_w.l(strcat.o)
    0x080001a4   0x080001a4   0x00000024   Code   RO         2941    .text               mc_w.l(strstr.o)
    0x080001c8   0x080001c8   0x0000000e   Code   RO         2943    .text               mc_w.l(strlen.o)
    0x080001d6   0x080001d6   0x0000002c   Code   RO         3250    .text               mc_w.l(uidiv.o)
    0x08000202   0x08000202   0x00000062   Code   RO         3252    .text               mc_w.l(uldiv.o)
    0x08000264   0x08000264   0x00000000   Code   RO         3256    .text               mc_w.l(iusefp.o)
    0x08000264   0x08000264   0x0000014e   Code   RO         3257    .text               mf_w.l(dadd.o)
    0x080003b2   0x080003b2   0x000000e4   Code   RO         3259    .text               mf_w.l(dmul.o)
    0x08000496   0x08000496   0x000000de   Code   RO         3261    .text               mf_w.l(ddiv.o)
    0x08000574   0x08000574   0x00000030   Code   RO         3263    .text               mf_w.l(dfixul.o)
    0x080005a4   0x080005a4   0x00000030   Code   RO         3265    .text               mf_w.l(cdrcmple.o)
    0x080005d4   0x080005d4   0x00000024   Code   RO         3267    .text               mc_w.l(init.o)
    0x080005f8   0x080005f8   0x0000001e   Code   RO         3269    .text               mc_w.l(llshl.o)
    0x08000616   0x08000616   0x00000024   Code   RO         3271    .text               mc_w.l(llsshr.o)
    0x0800063a   0x0800063a   0x000000ba   Code   RO         3273    .text               mf_w.l(depilogue.o)
    0x080006f4   0x080006f4   0x00000004   Code   RO          444    i.BusFault_Handler  stm32f1xx_it.o
    0x080006f8   0x080006f8   0x00000010   Code   RO          445    i.DMA1_Channel5_IRQHandler  stm32f1xx_it.o
    0x08000708   0x08000708   0x0000002c   Code   RO         1942    i.DMA_SetConfig     stm32f1xx_hal_dma.o
    0x08000734   0x08000734   0x00000002   Code   RO          446    i.DebugMon_Handler  stm32f1xx_it.o
    0x08000736   0x08000736   0x0000000c   Code   RO          447    i.EXTI15_10_IRQHandler  stm32f1xx_it.o
    0x08000742   0x08000742   0x00000002   PAD
    0x08000744   0x08000744   0x0000006c   Code   RO           13    i.EnableUsart_IT    wifi.o
    0x080007b0   0x080007b0   0x00000002   Code   RO          249    i.Error_Handler     main.o
    0x080007b2   0x080007b2   0x00000056   Code   RO         1943    i.HAL_DMA_Abort     stm32f1xx_hal_dma.o
    0x08000808   0x08000808   0x000000b0   Code   RO         1944    i.HAL_DMA_Abort_IT  stm32f1xx_hal_dma.o
    0x080008b8   0x080008b8   0x0000019c   Code   RO         1948    i.HAL_DMA_IRQHandler  stm32f1xx_hal_dma.o
    0x08000a54   0x08000a54   0x00000068   Code   RO         1949    i.HAL_DMA_Init      stm32f1xx_hal_dma.o
    0x08000abc   0x08000abc   0x0000009c   Code   RO         1953    i.HAL_DMA_Start_IT  stm32f1xx_hal_dma.o
    0x08000b58   0x08000b58   0x00000028   Code   RO         1566    i.HAL_Delay         stm32f1xx_hal.o
    0x08000b80   0x08000b80   0x00000002   Code   RO         1877    i.HAL_GPIO_EXTI_Callback  stm32f1xx_hal_gpio.o
    0x08000b82   0x08000b82   0x00000002   PAD
    0x08000b84   0x08000b84   0x0000001c   Code   RO         1878    i.HAL_GPIO_EXTI_IRQHandler  stm32f1xx_hal_gpio.o
    0x08000ba0   0x08000ba0   0x00000320   Code   RO         1879    i.HAL_GPIO_Init     stm32f1xx_hal_gpio.o
    0x08000ec0   0x08000ec0   0x0000000c   Code   RO         1883    i.HAL_GPIO_WritePin  stm32f1xx_hal_gpio.o
    0x08000ecc   0x08000ecc   0x0000000c   Code   RO         1570    i.HAL_GetTick       stm32f1xx_hal.o
    0x08000ed8   0x08000ed8   0x00000018   Code   RO         1576    i.HAL_IncTick       stm32f1xx_hal.o
    0x08000ef0   0x08000ef0   0x00000028   Code   RO         1577    i.HAL_Init          stm32f1xx_hal.o
    0x08000f18   0x08000f18   0x0000004c   Code   RO         1578    i.HAL_InitTick      stm32f1xx_hal.o
    0x08000f64   0x08000f64   0x0000005c   Code   RO          560    i.HAL_MspInit       stm32f1xx_hal_msp.o
    0x08000fc0   0x08000fc0   0x00000020   Code   RO         2039    i.HAL_NVIC_EnableIRQ  stm32f1xx_hal_cortex.o
    0x08000fe0   0x08000fe0   0x0000007c   Code   RO         2045    i.HAL_NVIC_SetPriority  stm32f1xx_hal_cortex.o
    0x0800105c   0x0800105c   0x00000028   Code   RO         2046    i.HAL_NVIC_SetPriorityGrouping  stm32f1xx_hal_cortex.o
    0x08001084   0x08001084   0x0000018c   Code   RO         1734    i.HAL_RCC_ClockConfig  stm32f1xx_hal_rcc.o
    0x08001210   0x08001210   0x0000000c   Code   RO         1739    i.HAL_RCC_GetHCLKFreq  stm32f1xx_hal_rcc.o
    0x0800121c   0x0800121c   0x00000020   Code   RO         1741    i.HAL_RCC_GetPCLK1Freq  stm32f1xx_hal_rcc.o
    0x0800123c   0x0800123c   0x00000020   Code   RO         1742    i.HAL_RCC_GetPCLK2Freq  stm32f1xx_hal_rcc.o
    0x0800125c   0x0800125c   0x00000094   Code   RO         1743    i.HAL_RCC_GetSysClockFreq  stm32f1xx_hal_rcc.o
    0x080012f0   0x080012f0   0x00000464   Code   RO         1746    i.HAL_RCC_OscConfig  stm32f1xx_hal_rcc.o
    0x08001754   0x08001754   0x00000034   Code   RO         2050    i.HAL_SYSTICK_Config  stm32f1xx_hal_cortex.o
    0x08001788   0x08001788   0x00000002   Code   RO         1308    i.HAL_TIMEx_BreakCallback  stm32f1xx_hal_tim_ex.o
    0x0800178a   0x0800178a   0x00000002   Code   RO         1309    i.HAL_TIMEx_CommutCallback  stm32f1xx_hal_tim_ex.o
    0x0800178c   0x0800178c   0x00000054   Code   RO         1326    i.HAL_TIMEx_MasterConfigSynchronization  stm32f1xx_hal_tim_ex.o
    0x080017e0   0x080017e0   0x00000034   Code   RO          622    i.HAL_TIM_Base_Init  stm32f1xx_hal_tim.o
    0x08001814   0x08001814   0x00000040   Code   RO          355    i.HAL_TIM_Base_MspInit  tim.o
    0x08001854   0x08001854   0x0000002a   Code   RO          627    i.HAL_TIM_Base_Start_IT  stm32f1xx_hal_tim.o
    0x0800187e   0x0800187e   0x00000108   Code   RO          631    i.HAL_TIM_ConfigClockSource  stm32f1xx_hal_tim.o
    0x08001986   0x08001986   0x00000002   Code   RO          651    i.HAL_TIM_IC_CaptureCallback  stm32f1xx_hal_tim.o
    0x08001988   0x08001988   0x00000196   Code   RO          665    i.HAL_TIM_IRQHandler  stm32f1xx_hal_tim.o
    0x08001b1e   0x08001b1e   0x00000002   Code   RO          668    i.HAL_TIM_OC_DelayElapsedCallback  stm32f1xx_hal_tim.o
    0x08001b20   0x08001b20   0x00000002   Code   RO          695    i.HAL_TIM_PWM_PulseFinishedCallback  stm32f1xx_hal_tim.o
    0x08001b22   0x08001b22   0x00000002   PAD
    0x08001b24   0x08001b24   0x00000030   Code   RO          448    i.HAL_TIM_PeriodElapsedCallback  stm32f1xx_it.o
    0x08001b54   0x08001b54   0x00000002   Code   RO          708    i.HAL_TIM_TriggerCallback  stm32f1xx_hal_tim.o
    0x08001b56   0x08001b56   0x00000066   Code   RO         2584    i.HAL_UART_DMAStop  stm32f1xx_hal_uart.o
    0x08001bbc   0x08001bbc   0x00000002   Code   RO         2586    i.HAL_UART_ErrorCallback  stm32f1xx_hal_uart.o
    0x08001bbe   0x08001bbe   0x00000002   PAD
    0x08001bc0   0x08001bc0   0x0000014c   Code   RO         2589    i.HAL_UART_IRQHandler  stm32f1xx_hal_uart.o
    0x08001d0c   0x08001d0c   0x00000072   Code   RO         2590    i.HAL_UART_Init     stm32f1xx_hal_uart.o
    0x08001d7e   0x08001d7e   0x00000002   PAD
    0x08001d80   0x08001d80   0x0000013c   Code   RO          397    i.HAL_UART_MspInit  usart.o
    0x08001ebc   0x08001ebc   0x000000c4   Code   RO         2594    i.HAL_UART_Receive_DMA  stm32f1xx_hal_uart.o
    0x08001f80   0x08001f80   0x0000012c   Code   RO           14    i.HAL_UART_RxCpltCallback  wifi.o
    0x080020ac   0x080020ac   0x00000002   Code   RO         2597    i.HAL_UART_RxHalfCpltCallback  stm32f1xx_hal_uart.o
    0x080020ae   0x080020ae   0x000000d6   Code   RO         2598    i.HAL_UART_Transmit  stm32f1xx_hal_uart.o
    0x08002184   0x08002184   0x00000002   Code   RO         2601    i.HAL_UART_TxCpltCallback  stm32f1xx_hal_uart.o
    0x08002186   0x08002186   0x00000004   Code   RO          449    i.HardFault_Handler  stm32f1xx_it.o
    0x0800218a   0x0800218a   0x00000002   PAD
    0x0800218c   0x0800218c   0x00000034   Code   RO          330    i.MX_DMA_Init       dma.o
    0x080021c0   0x080021c0   0x000000d4   Code   RO          306    i.MX_GPIO_Init      gpio.o
    0x08002294   0x08002294   0x0000006c   Code   RO          356    i.MX_TIM2_Init      tim.o
    0x08002300   0x08002300   0x00000038   Code   RO          398    i.MX_USART1_UART_Init  usart.o
    0x08002338   0x08002338   0x00000038   Code   RO          399    i.MX_USART2_UART_Init  usart.o
    0x08002370   0x08002370   0x00000004   Code   RO          450    i.MemManage_Handler  stm32f1xx_it.o
    0x08002374   0x08002374   0x00000002   Code   RO          451    i.NMI_Handler       stm32f1xx_it.o
    0x08002376   0x08002376   0x00000002   Code   RO          452    i.PendSV_Handler    stm32f1xx_it.o
    0x08002378   0x08002378   0x00000028   Code   RO         1747    i.RCC_Delay         stm32f1xx_hal_rcc.o
    0x080023a0   0x080023a0   0x00000002   Code   RO          453    i.SVC_Handler       stm32f1xx_it.o
    0x080023a2   0x080023a2   0x00000002   PAD
    0x080023a4   0x080023a4   0x0000005c   Code   RO           15    i.Send_AT_commend   wifi.o
    0x08002400   0x08002400   0x00000008   Code   RO          454    i.SysTick_Handler   stm32f1xx_it.o
    0x08002408   0x08002408   0x00000066   Code   RO          250    i.SystemClock_Config  main.o
    0x0800246e   0x0800246e   0x00000002   PAD
    0x08002470   0x08002470   0x00000058   Code   RO         2897    i.SystemInit        system_stm32f1xx.o
    0x080024c8   0x080024c8   0x00000010   Code   RO          455    i.TIM2_IRQHandler   stm32f1xx_it.o
    0x080024d8   0x080024d8   0x00000074   Code   RO          710    i.TIM_Base_SetConfig  stm32f1xx_hal_tim.o
    0x0800254c   0x0800254c   0x00000016   Code   RO          721    i.TIM_ETR_SetConfig  stm32f1xx_hal_tim.o
    0x08002562   0x08002562   0x00000012   Code   RO          722    i.TIM_ITRx_SetConfig  stm32f1xx_hal_tim.o
    0x08002574   0x08002574   0x00000026   Code   RO          728    i.TIM_TI1_ConfigInputStage  stm32f1xx_hal_tim.o
    0x0800259a   0x0800259a   0x00000028   Code   RO          730    i.TIM_TI2_ConfigInputStage  stm32f1xx_hal_tim.o
    0x080025c2   0x080025c2   0x00000014   Code   RO         2603    i.UART_DMAAbortOnError  stm32f1xx_hal_uart.o
    0x080025d6   0x080025d6   0x00000050   Code   RO         2604    i.UART_DMAError     stm32f1xx_hal_uart.o
    0x08002626   0x08002626   0x00000046   Code   RO         2605    i.UART_DMAReceiveCplt  stm32f1xx_hal_uart.o
    0x0800266c   0x0800266c   0x0000000e   Code   RO         2607    i.UART_DMARxHalfCplt  stm32f1xx_hal_uart.o
    0x0800267a   0x0800267a   0x00000020   Code   RO         2613    i.UART_EndRxTransfer  stm32f1xx_hal_uart.o
    0x0800269a   0x0800269a   0x00000020   Code   RO         2614    i.UART_EndTransmit_IT  stm32f1xx_hal_uart.o
    0x080026ba   0x080026ba   0x00000014   Code   RO         2615    i.UART_EndTxTransfer  stm32f1xx_hal_uart.o
    0x080026ce   0x080026ce   0x000000a6   Code   RO         2616    i.UART_Receive_IT   stm32f1xx_hal_uart.o
    0x08002774   0x08002774   0x000001a0   Code   RO         2617    i.UART_SetConfig    stm32f1xx_hal_uart.o
    0x08002914   0x08002914   0x00000068   Code   RO         2618    i.UART_Transmit_IT  stm32f1xx_hal_uart.o
    0x0800297c   0x0800297c   0x0000006c   Code   RO         2619    i.UART_WaitOnFlagUntilTimeout  stm32f1xx_hal_uart.o
    0x080029e8   0x080029e8   0x00000024   Code   RO          456    i.USART1_IRQHandler  stm32f1xx_it.o
    0x08002a0c   0x08002a0c   0x00000010   Code   RO          457    i.USART2_IRQHandler  stm32f1xx_it.o
    0x08002a1c   0x08002a1c   0x00000074   Code   RO           16    i.USER_UART_Handler  wifi.o
    0x08002a90   0x08002a90   0x00000004   Code   RO          458    i.UsageFault_Handler  stm32f1xx_it.o
    0x08002a94   0x08002a94   0x00000020   Code   RO         3180    i.__0printf         mc_w.l(printfa.o)
    0x08002ab4   0x08002ab4   0x00000010   Code   RO         2052    i.__NVIC_GetPriorityGrouping  stm32f1xx_hal_cortex.o
    0x08002ac4   0x08002ac4   0x00000028   Code   RO         2053    i.__NVIC_SetPriority  stm32f1xx_hal_cortex.o
    0x08002aec   0x08002aec   0x0000000e   Code   RO         3277    i.__scatterload_copy  mc_w.l(handlers.o)
    0x08002afa   0x08002afa   0x00000002   Code   RO         3278    i.__scatterload_null  mc_w.l(handlers.o)
    0x08002afc   0x08002afc   0x0000000e   Code   RO         3279    i.__scatterload_zeroinit  mc_w.l(handlers.o)
    0x08002b0a   0x08002b0a   0x00000002   PAD
    0x08002b0c   0x08002b0c   0x00000184   Code   RO         3187    i._fp_digits        mc_w.l(printfa.o)
    0x08002c90   0x08002c90   0x000006dc   Code   RO         3188    i._printf_core      mc_w.l(printfa.o)
    0x0800336c   0x0800336c   0x00000024   Code   RO         3189    i._printf_post_padding  mc_w.l(printfa.o)
    0x08003390   0x08003390   0x0000002e   Code   RO         3190    i._printf_pre_padding  mc_w.l(printfa.o)
    0x080033be   0x080033be   0x00000002   PAD
    0x080033c0   0x080033c0   0x0000018c   Code   RO           17    i.clientStart       wifi.o
    0x0800354c   0x0800354c   0x0000001c   Code   RO           19    i.findStr           wifi.o
    0x08003568   0x08003568   0x0000001c   Code   RO           20    i.fputc             wifi.o
    0x08003584   0x08003584   0x00000050   Code   RO         3207    i.free              mc_w.l(malloc.o)
    0x080035d4   0x080035d4   0x0000004c   Code   RO          251    i.main              main.o
    0x08003620   0x08003620   0x0000006c   Code   RO         3208    i.malloc            mc_w.l(malloc.o)
    0x0800368c   0x0800368c   0x00000144   Code   RO           21    i.recDataAnalyze    wifi.o
    0x080037d0   0x080037d0   0x000002b0   Code   RO           22    i.recDataHandle     wifi.o
    0x08003a80   0x08003a80   0x000000d4   Code   RO           23    i.sendCommandCreate  wifi.o
    0x08003b54   0x08003b54   0x00000138   Code   RO           25    i.sendData101       wifi.o
    0x08003c8c   0x08003c8c   0x000001d4   Code   RO           26    i.serverStart       wifi.o
    0x08003e60   0x08003e60   0x0000006e   Code   RO           27    i.strConnect        wifi.o
    0x08003ece   0x08003ece   0x00000002   Code   RO           28    i.userToDo          wifi.o
    0x08003ed0   0x08003ed0   0x0000002c   Code   RO           29    i.wifiInit          wifi.o
    0x08003efc   0x08003efc   0x0000013c   Code   RO           30    i.wifiStart         wifi.o
    0x08004038   0x08004038   0x00000018   Data   RO         2898    .constdata          system_stm32f1xx.o
    0x08004050   0x08004050   0x00000020   Data   RO         3275    Region$$Table       anon$$obj.o


    Execution Region RW_IRAM1 (Exec base: 0x20000000, Load base: 0x08004070, Size: 0x00000f40, Max: 0x00005000, ABSOLUTE)

    Exec Addr    Load Addr    Size         Type   Attr      Idx    E Section Name        Object

    0x20000000   0x08004070   0x00000014   Data   RW           32    .data               wifi.o
    0x20000014   0x08004084   0x00000001   Data   RW          459    .data               stm32f1xx_it.o
    0x20000015   0x08004085   0x00000003   PAD
    0x20000018   0x08004088   0x00000009   Data   RW         1584    .data               stm32f1xx_hal.o
    0x20000021   0x08004091   0x00000003   PAD
    0x20000024   0x08004094   0x00000004   Data   RW         2899    .data               system_stm32f1xx.o
    0x20000028   0x08004098   0x00000004   Data   RW         3249    .data               mc_w.l(stdout.o)
    0x2000002c   0x0800409c   0x00000004   Data   RW         3254    .data               mc_w.l(mvars.o)
    0x20000030   0x080040a0   0x00000004   Data   RW         3255    .data               mc_w.l(mvars.o)
    0x20000034        -       0x00000808   Zero   RW           31    .bss                wifi.o
    0x2000083c        -       0x00000040   Zero   RW          357    .bss                tim.o
    0x2000087c        -       0x000000c4   Zero   RW          400    .bss                usart.o
    0x20000940        -       0x00000200   Zero   RW            2    HEAP                startup_stm32f103xb.o
    0x20000b40        -       0x00000400   Zero   RW            1    STACK               startup_stm32f103xb.o


==============================================================================

Image component sizes


      Code (inc. data)   RO Data    RW Data    ZI Data      Debug   Object Name

        52          4          0          0          0        658   dma.o
       212         16          0          0          0        879   gpio.o
       180          8          0          0          0       1432   main.o
        36          8        236          0       1536        772   startup_stm32f103xb.o
       192         36          0          9          0       5641   stm32f1xx_hal.o
       304         22          0          0          0      29199   stm32f1xx_hal_cortex.o
       978         12          0          0          0       4650   stm32f1xx_hal_dma.o
       842         38          0          0          0       3664   stm32f1xx_hal_gpio.o
        92         10          0          0          0        810   stm32f1xx_hal_msp.o
      1784        110          0          0          0       5760   stm32f1xx_hal_rcc.o
      1006         12          0          0          0       8619   stm32f1xx_hal_tim.o
        88          0          0          0          0       2233   stm32f1xx_hal_tim_ex.o
      2026         24          0          0          0      12529   stm32f1xx_hal_uart.o
       176         36          0          1          0       6510   stm32f1xx_it.o
        88         18         24          4          0       1067   system_stm32f1xx.o
       172         12          0          0         64       1478   tim.o
       428         46          0          0        196       2158   usart.o
      3544       1064          0         20       2056     434286   wifi.o

    ----------------------------------------------------------------------
     12216       1476        292         40       3852     522345   Object Totals
         0          0         32          0          0          0   (incl. Generated)
        16          0          0          6          0          0   (incl. Padding)

    ----------------------------------------------------------------------

      Code (inc. data)   RO Data    RW Data    ZI Data      Debug   Library Member Name

         0          0          0          0          0          0   entry.o
         0          0          0          0          0          0   entry10a.o
         0          0          0          0          0          0   entry11a.o
         8          4          0          0          0          0   entry2.o
         4          0          0          0          0          0   entry5.o
         0          0          0          0          0          0   entry7b.o
         0          0          0          0          0          0   entry8b.o
         8          4          0          0          0          0   entry9a.o
        30          0          0          0          0          0   handlers.o
        36          8          0          0          0         68   init.o
         0          0          0          0          0          0   iusefp.o
        30          0          0          0          0         68   llshl.o
        36          0          0          0          0         68   llsshr.o
        32          0          0          0          0         68   llushr.o
       188         20          0          0          0        160   malloc.o
        36          0          0          0          0         68   memcpya.o
        36          0          0          0          0        108   memseta.o
         0          0          0          8          0          0   mvars.o
      2258         90          0          0          0        452   printfa.o
         0          0          0          4          0          0   stdout.o
        24          0          0          0          0         68   strcat.o
        14          0          0          0          0         68   strlen.o
        36          0          0          0          0         80   strstr.o
        44          0          0          0          0         80   uidiv.o
        98          0          0          0          0         92   uldiv.o
        48          0          0          0          0         68   cdrcmple.o
       334          0          0          0          0        148   dadd.o
       222          0          0          0          0        100   ddiv.o
       186          0          0          0          0        176   depilogue.o
        48          0          0          0          0         68   dfixul.o
       228          0          0          0          0         96   dmul.o

    ----------------------------------------------------------------------
      3988        126          0         12          0       2104   Library Totals
         4          0          0          0          0          0   (incl. Padding)

    ----------------------------------------------------------------------

      Code (inc. data)   RO Data    RW Data    ZI Data      Debug   Library Name

      2918        126          0         12          0       1448   mc_w.l
      1066          0          0          0          0        656   mf_w.l

    ----------------------------------------------------------------------
      3988        126          0         12          0       2104   Library Totals

    ----------------------------------------------------------------------

==============================================================================


      Code (inc. data)   RO Data    RW Data    ZI Data      Debug   

     16204       1602        292         52       3852     518205   Grand Totals
     16204       1602        292         52       3852     518205   ELF Image Totals
     16204       1602        292         52          0          0   ROM Totals

==============================================================================

    Total RO  Size (Code + RO Data)                16496 (  16.11kB)
    Total RW  Size (RW Data + ZI Data)              3904 (   3.81kB)
    Total ROM Size (Code + RO Data + RW Data)      16548 (  16.16kB)

==============================================================================

