<html>
<body>
<pre>
<h1>µVision Build Log</h1>
<h2>Tool Versions:</h2>
IDE-Version: ¦ÌVision V5.27.1.0
Copyright (C) 2019 ARM Ltd and ARM Germany GmbH. All rights reserved.
License Information: jia hongxing, ncist, LIC=9N0AR-K5BSP-9ZFWW-QHATY-12VWL-PELC2
 
Tool Versions:
Toolchain:       MDK-ARM Professional  Version: 5.27.1.0
Toolchain Path:  D:\Keil_v5\ARM\ARMCC\Bin
C Compiler:      Armcc.exe V5.06 update 6 (build 750)
Assembler:       Armasm.exe V5.06 update 6 (build 750)
Linker/Locator:  ArmLink.exe V5.06 update 6 (build 750)
Library Manager: ArmAr.exe V5.06 update 6 (build 750)
Hex Converter:   FromElf.exe V5.06 update 6 (build 750)
CPU DLL:         SARMCM3.DLL V5.27.1.0
Dialog DLL:      DCM.DLL V1.17.2.0
Target DLL:      STLink\ST-LINKIII-KEIL_SWO.dll V3.0.6.0
Dialog DLL:      TCM.DLL V1.36.1.0
 
<h2>Project:</h2>
E:\myproject\wifiDemo\MDK-ARM\wifiDemo.uvprojx
Project File Date:  07/08/2020

<h2>Output:</h2>
*** Using Compiler 'V5.06 update 6 (build 750)', folder: 'D:\Keil_v5\ARM\ARMCC\Bin'
Rebuild target 'wifiDemo'
assembling startup_stm32f103xb.s...
compiling stm32f1xx_it.c...
compiling dma.c...
compiling usart.c...
compiling tim.c...
compiling gpio.c...
compiling main.c...
compiling wifi.c...
..\Src\wifi.c(106): warning:  #167-D: argument of type "uint8_t *" is incompatible with parameter of type "char *"
  		Send_AT_commend(strConnect(5, "AT+CWJAP=\"", CLIENT_WIFI_NAME, "\",\"", CLIENT_WIFI_PWD, "\""), &wifiConnectFlag, 5000);
..\Src\wifi.c(108): warning:  #167-D: argument of type "uint8_t *" is incompatible with parameter of type "char *"
  	if(Send_AT_commend(strConnect(4, "AT+CIPSTART=\"TCP\",\"", CLIENT_IP, "\",", CLIENT_PORT), &serverConnectFlag, 3000))
..\Src\wifi.c(130): warning:  #167-D: argument of type "uint8_t *" is incompatible with parameter of type "char *"
  	if(Send_AT_commend(strConnect(8, "AT+CWSAP=\"", SERVER_WIFI_NAME, "\",\"", SERVER_WIFI_PASSWORD, "\",", SERVER_CHANNEL, ",", SERVER_ENCRYPTION), &hotspotFlag, 2000))
..\Src\wifi.c(139): warning:  #167-D: argument of type "uint8_t *" is incompatible with parameter of type "char *"
  	if(Send_AT_commend(strConnect(2, "AT+CIPSERVER=1,", SERVER_PORT), &serverCreateFlag, 200))
..\Src\wifi.c(181): warning:  #167-D: argument of type "uint8_t *" is incompatible with parameter of type "const char *restrict"
  				printf((uint8_t *)Espdatatype.AtBuffer);
..\Src\wifi.c(347): warning:  #167-D: argument of type "uint8_t *" is incompatible with parameter of type "char *restrict"
  	strcat(at_send, "AT+CIPSEND=");
..\Src\wifi.c(382): warning:  #167-D: argument of type "uint8_t *" is incompatible with parameter of type "char *restrict"
      strcat(format,temp);
..\Src\wifi.c(382): warning:  #167-D: argument of type "uint8_t *" is incompatible with parameter of type "const char *restrict"
      strcat(format,temp);
..\Src\wifi.c: 8 warnings, 0 errors
compiling stm32f1xx_hal_gpio_ex.c...
compiling stm32f1xx_hal.c...
compiling stm32f1xx_hal_msp.c...
compiling stm32f1xx_hal_tim_ex.c...
compiling stm32f1xx_hal_rcc_ex.c...
compiling stm32f1xx_hal_rcc.c...
compiling stm32f1xx_hal_tim.c...
compiling stm32f1xx_hal_exti.c...
compiling stm32f1xx_hal_gpio.c...
compiling stm32f1xx_hal_cortex.c...
compiling stm32f1xx_hal_dma.c...
compiling stm32f1xx_hal_flash_ex.c...
compiling stm32f1xx_hal_flash.c...
compiling stm32f1xx_hal_pwr.c...
compiling system_stm32f1xx.c...
compiling stm32f1xx_hal_uart.c...
linking...
Program Size: Code=16204 RO-data=292 RW-data=52 ZI-data=3852  
FromELF: creating hex file...
"wifiDemo\wifiDemo.axf" - 0 Error(s), 8 Warning(s).

<h2>Software Packages used:</h2>

Package Vendor: ARM
                http://www.keil.com/pack/ARM.CMSIS.5.5.1.pack
                ARM.CMSIS.5.5.1
                CMSIS (Cortex Microcontroller Software Interface Standard)
   * Component: CORE Version: 5.2.0

Package Vendor: Keil
                http://www.keil.com/pack/Keil.STM32F1xx_DFP.2.1.0.pack
                Keil.STM32F1xx_DFP.2.1.0
                STMicroelectronics STM32F1 Series Device Support, Drivers and Examples

<h2>Collection of Component include folders:</h2>
  .\RTE\_wifiDemo
  D:\Keil_v5\ARM\PACK\ARM\CMSIS\5.5.1\CMSIS\Core\Include
  D:\Keil_v5\ARM\PACK\Keil\STM32F1xx_DFP\2.1.0\Device\Include

<h2>Collection of Component Files used:</h2>

   * Component: ARM::CMSIS:CORE:5.2.0
Build Time Elapsed:  00:00:12
</pre>
</body>
</html>
